2025-11-08 11:08:35,255 $$ INFO $$ Inicio del proceso para el directorio $$ /home/rom/prj/obsino-clisueno/test_files
2025-11-08 11:08:35,265 $$ INFO $$ Procesando archivo válido: /home/rom/prj/obsino-clisueno/test_files/docx/ANA PEREZ RINCON 18-11-2024 BPAP..docx
2025-11-08 11:08:35,331 $$ INFO $$ Procesando examen de BPAP
2025-11-08 11:08:35,331 $$ INFO $$ ** INICIO ** Procesando archivo BPAP válido: /home/rom/prj/obsino-clisueno/test_files/docx/ANA PEREZ RINCON 18-11-2024 BPAP..docx
2025-11-08 11:08:35,332 $$ INFO $$ Procesando examen xpap (DOCX)
2025-11-08 11:08:35,338 $$ WARNING $$ edad_meses: N/A
2025-11-08 11:08:35,338 $$ WARNING $$ edad_dias: N/A
2025-11-08 11:08:35,345 $$ WARNING $$ epworth: N/A
2025-11-08 11:08:35,349 $$ INFO $$ ** FIN ** Procesamiento BPAP → unificado_xpap.csv para /home/rom/prj/obsino-clisueno/test_files/docx/ANA PEREZ RINCON 18-11-2024 BPAP..docx
2025-11-08 11:08:35,349 $$ INFO $$ Procesando archivo válido: /home/rom/prj/obsino-clisueno/test_files/docx/JAIRO ROJAS GARCIA 2-11-2024 BPAP.docx
2025-11-08 11:08:35,407 $$ INFO $$ Procesando examen de BPAP
2025-11-08 11:08:35,407 $$ INFO $$ ** INICIO ** Procesando archivo BPAP válido: /home/rom/prj/obsino-clisueno/test_files/docx/JAIRO ROJAS GARCIA 2-11-2024 BPAP.docx
2025-11-08 11:08:35,407 $$ INFO $$ Procesando examen xpap (DOCX)
2025-11-08 11:08:35,407 $$ WARNING $$ edad_meses: N/A
2025-11-08 11:08:35,407 $$ WARNING $$ edad_dias: N/A
2025-11-08 11:08:35,408 $$ WARNING $$ epworth: N/A
2025-11-08 11:08:35,409 $$ INFO $$ ** FIN ** Procesamiento BPAP → unificado_xpap.csv para /home/rom/prj/obsino-clisueno/test_files/docx/JAIRO ROJAS GARCIA 2-11-2024 BPAP.docx
2025-11-08 11:08:35,411 $$ INFO $$ Procesando archivo válido: /home/rom/prj/obsino-clisueno/test_files/docx/EDILMA PADILLA NIÑO 10-12-2024 BPAP.docx
2025-11-08 11:08:35,478 $$ INFO $$ Procesando examen de BPAP
2025-11-08 11:08:35,479 $$ INFO $$ ** INICIO ** Procesando archivo BPAP válido: /home/rom/prj/obsino-clisueno/test_files/docx/EDILMA PADILLA NIÑO 10-12-2024 BPAP.docx
2025-11-08 11:08:35,479 $$ INFO $$ Procesando examen xpap (DOCX)
2025-11-08 11:08:35,479 $$ WARNING $$ edad_meses: N/A
2025-11-08 11:08:35,479 $$ WARNING $$ edad_dias: N/A
2025-11-08 11:08:35,480 $$ WARNING $$ epworth: N/A
2025-11-08 11:08:35,483 $$ INFO $$ ** FIN ** Procesamiento BPAP → unificado_xpap.csv para /home/rom/prj/obsino-clisueno/test_files/docx/EDILMA PADILLA NIÑO 10-12-2024 BPAP.docx
2025-11-08 11:08:35,485 $$ INFO $$ Procesando archivo válido: /home/rom/prj/obsino-clisueno/test_files/docx/TEMPLATE_BPAP.docx
2025-11-08 11:08:35,536 $$ INFO $$ Procesando examen de BPAP
2025-11-08 11:08:35,536 $$ INFO $$ ** INICIO ** Procesando archivo BPAP válido: /home/rom/prj/obsino-clisueno/test_files/docx/TEMPLATE_BPAP.docx
2025-11-08 11:08:35,536 $$ INFO $$ Procesando examen xpap (DOCX)
2025-11-08 11:08:35,536 $$ WARNING $$ edad_meses: N/A
2025-11-08 11:08:35,536 $$ WARNING $$ edad_dias: N/A
2025-11-08 11:08:35,537 $$ WARNING $$ epworth: N/A
2025-11-08 11:08:35,539 $$ INFO $$ ** FIN ** Procesamiento BPAP → unificado_xpap.csv para /home/rom/prj/obsino-clisueno/test_files/docx/TEMPLATE_BPAP.docx
2025-11-08 11:08:35,539 $$ INFO $$ Procesando archivo válido: /home/rom/prj/obsino-clisueno/test_files/docx/ELKIN SALOMON BARRIOS GAMBOA 15-4-2025 CPAP.docx
2025-11-08 11:08:35,585 $$ INFO $$ Procesando examen de CPAP
2025-11-08 11:08:35,585 $$ INFO $$ ** INICIO ** Procesando archivo CPAP válido: /home/rom/prj/obsino-clisueno/test_files/docx/ELKIN SALOMON BARRIOS GAMBOA 15-4-2025 CPAP.docx
2025-11-08 11:08:35,585 $$ INFO $$ Procesando examen xpap (DOCX)
2025-11-08 11:08:35,586 $$ WARNING $$ edad_meses: N/A
2025-11-08 11:08:35,586 $$ WARNING $$ edad_dias: N/A
2025-11-08 11:08:35,586 $$ WARNING $$ epworth: N/A
2025-11-08 11:08:35,587 $$ INFO $$ ** FIN ** Procesamiento CPAP → unificado_xpap.csv para /home/rom/prj/obsino-clisueno/test_files/docx/ELKIN SALOMON BARRIOS GAMBOA 15-4-2025 CPAP.docx
2025-11-08 11:08:35,587 $$ INFO $$ Procesando archivo válido: /home/rom/prj/obsino-clisueno/test_files/docx/MARCOS MUÑOZ JIMENEZ 8-6-2025 BPAP.docx
2025-11-08 11:08:35,673 $$ INFO $$ Procesando examen de CPAP
2025-11-08 11:08:35,673 $$ INFO $$ ** INICIO ** Procesando archivo CPAP válido: /home/rom/prj/obsino-clisueno/test_files/docx/MARCOS MUÑOZ JIMENEZ 8-6-2025 BPAP.docx
2025-11-08 11:08:35,673 $$ INFO $$ Procesando examen xpap (DOCX)
2025-11-08 11:08:35,673 $$ WARNING $$ edad_meses: N/A
2025-11-08 11:08:35,673 $$ WARNING $$ edad_dias: N/A
2025-11-08 11:08:35,674 $$ WARNING $$ epworth: N/A
2025-11-08 11:08:35,674 $$ INFO $$ ** FIN ** Procesamiento CPAP → unificado_xpap.csv para /home/rom/prj/obsino-clisueno/test_files/docx/MARCOS MUÑOZ JIMENEZ 8-6-2025 BPAP.docx
2025-11-08 11:08:35,674 $$ INFO $$ Procesando archivo válido: /home/rom/prj/obsino-clisueno/test_files/docx/OTILIA ORDUÑAS DE CALDERON 19-09-2023 CPAP.2^.^.^.docx
2025-11-08 11:08:35,758 $$ INFO $$ Procesando examen de CPAP
2025-11-08 11:08:35,759 $$ INFO $$ ** INICIO ** Procesando archivo CPAP válido: /home/rom/prj/obsino-clisueno/test_files/docx/OTILIA ORDUÑAS DE CALDERON 19-09-2023 CPAP.2^.^.^.docx
2025-11-08 11:08:35,759 $$ INFO $$ Procesando examen xpap (DOCX)
2025-11-08 11:08:35,759 $$ WARNING $$ edad_meses: N/A
2025-11-08 11:08:35,759 $$ WARNING $$ edad_dias: N/A
2025-11-08 11:08:35,760 $$ WARNING $$ epworth: N/A
2025-11-08 11:08:35,760 $$ WARNING $$ presion_terapeutica: N/A
2025-11-08 11:08:35,761 $$ INFO $$ ** FIN ** Procesamiento CPAP → unificado_xpap.csv para /home/rom/prj/obsino-clisueno/test_files/docx/OTILIA ORDUÑAS DE CALDERON 19-09-2023 CPAP.2^.^.^.docx
2025-11-08 11:08:35,761 $$ INFO $$ Procesando archivo válido: /home/rom/prj/obsino-clisueno/test_files/docx/VIRGILIO MARTINEZ PEÑA 20-11-2024 CPAP.docx
2025-11-08 11:08:35,799 $$ INFO $$ Procesando examen de CPAP
2025-11-08 11:08:35,800 $$ INFO $$ ** INICIO ** Procesando archivo CPAP válido: /home/rom/prj/obsino-clisueno/test_files/docx/VIRGILIO MARTINEZ PEÑA 20-11-2024 CPAP.docx
2025-11-08 11:08:35,800 $$ INFO $$ Procesando examen xpap (DOCX)
2025-11-08 11:08:35,800 $$ WARNING $$ edad_meses: N/A
2025-11-08 11:08:35,800 $$ WARNING $$ edad_dias: N/A
2025-11-08 11:08:35,800 $$ WARNING $$ epworth: N/A
2025-11-08 11:08:35,801 $$ INFO $$ ** FIN ** Procesamiento CPAP → unificado_xpap.csv para /home/rom/prj/obsino-clisueno/test_files/docx/VIRGILIO MARTINEZ PEÑA 20-11-2024 CPAP.docx
2025-11-08 11:08:35,801 $$ INFO $$ Procesando archivo válido: /home/rom/prj/obsino-clisueno/test_files/docx/WILSON ROJAS PORTILLA 2-10-2024 CPAP.docx
2025-11-08 11:08:35,859 $$ INFO $$ Procesando examen de CPAP
2025-11-08 11:08:35,859 $$ INFO $$ ** INICIO ** Procesando archivo CPAP válido: /home/rom/prj/obsino-clisueno/test_files/docx/WILSON ROJAS PORTILLA 2-10-2024 CPAP.docx
2025-11-08 11:08:35,859 $$ INFO $$ Procesando examen xpap (DOCX)
2025-11-08 11:08:35,859 $$ WARNING $$ edad_meses: N/A
2025-11-08 11:08:35,859 $$ WARNING $$ edad_dias: N/A
2025-11-08 11:08:35,860 $$ WARNING $$ epworth: N/A
2025-11-08 11:08:35,860 $$ INFO $$ ** FIN ** Procesamiento CPAP → unificado_xpap.csv para /home/rom/prj/obsino-clisueno/test_files/docx/WILSON ROJAS PORTILLA 2-10-2024 CPAP.docx
2025-11-08 11:08:35,860 $$ INFO $$ Procesando archivo válido: /home/rom/prj/obsino-clisueno/test_files/docx/PEDRO GALVIZ OJEDA 08-07-2023 CPAP.docx
2025-11-08 11:08:35,908 $$ INFO $$ Procesando examen de CPAP
2025-11-08 11:08:35,908 $$ INFO $$ ** INICIO ** Procesando archivo CPAP válido: /home/rom/prj/obsino-clisueno/test_files/docx/PEDRO GALVIZ OJEDA 08-07-2023 CPAP.docx
2025-11-08 11:08:35,908 $$ INFO $$ Procesando examen xpap (DOCX)
2025-11-08 11:08:35,908 $$ WARNING $$ edad_meses: N/A
2025-11-08 11:08:35,908 $$ WARNING $$ edad_dias: N/A
2025-11-08 11:08:35,908 $$ WARNING $$ cuello: N/A
2025-11-08 11:08:35,908 $$ WARNING $$ medida_cuello: N/A
2025-11-08 11:08:35,908 $$ WARNING $$ epworth: N/A
2025-11-08 11:08:35,909 $$ INFO $$ ** FIN ** Procesamiento CPAP → unificado_xpap.csv para /home/rom/prj/obsino-clisueno/test_files/docx/PEDRO GALVIZ OJEDA 08-07-2023 CPAP.docx
2025-11-08 11:08:35,909 $$ INFO $$ Procesando archivo válido: /home/rom/prj/obsino-clisueno/test_files/docx/TEMPLATE_CPAP.docx
2025-11-08 11:08:35,953 $$ INFO $$ Procesando examen de CPAP
2025-11-08 11:08:35,953 $$ INFO $$ ** INICIO ** Procesando archivo CPAP válido: /home/rom/prj/obsino-clisueno/test_files/docx/TEMPLATE_CPAP.docx
2025-11-08 11:08:35,953 $$ INFO $$ Procesando examen xpap (DOCX)
2025-11-08 11:08:35,953 $$ WARNING $$ edad_anos: N/A
2025-11-08 11:08:35,953 $$ WARNING $$ edad_dias: N/A
2025-11-08 11:08:35,954 $$ WARNING $$ epworth: N/A
2025-11-08 11:08:35,954 $$ INFO $$ ** FIN ** Procesamiento CPAP → unificado_xpap.csv para /home/rom/prj/obsino-clisueno/test_files/docx/TEMPLATE_CPAP.docx
2025-11-08 11:08:35,954 $$ INFO $$ Procesando archivo válido: /home/rom/prj/obsino-clisueno/test_files/rtf/TEMPLATE_BPAP.rtf
2025-11-08 11:08:36,097 $$ INFO $$ Procesando examen de BPAP
2025-11-08 11:08:36,097 $$ INFO $$ ** INICIO ** Procesando archivo BPAP válido: /home/rom/prj/obsino-clisueno/test_files/rtf/TEMPLATE_BPAP.rtf
2025-11-08 11:08:36,097 $$ INFO $$ Procesando examen xpap (RTF)
2025-11-08 11:08:36,097 $$ WARNING $$ edad_meses: N/A
2025-11-08 11:08:36,098 $$ WARNING $$ edad_dias: N/A
2025-11-08 11:08:36,100 $$ WARNING $$ epworth: N/A
2025-11-08 11:08:36,106 $$ INFO $$ ** FIN ** Procesamiento BPAP → unificado_xpap.csv para /home/rom/prj/obsino-clisueno/test_files/rtf/TEMPLATE_BPAP.rtf
2025-11-08 11:08:36,106 $$ INFO $$ Procesando archivo válido: /home/rom/prj/obsino-clisueno/test_files/rtf/SONIA GUTIERREZ VARGAS 02-09-2023 BASAL.rtf
2025-11-08 11:08:36,326 $$ INFO $$ Procesando examen de BASAL
2025-11-08 11:08:36,327 $$ INFO $$ ** INICIO ** Procesando archivo BASAL válido: /home/rom/prj/obsino-clisueno/test_files/rtf/SONIA GUTIERREZ VARGAS 02-09-2023 BASAL.rtf
2025-11-08 11:08:36,327 $$ INFO $$ Procesando examen Basal (RTF)
2025-11-08 11:08:36,327 $$ WARNING $$ edad_meses: N/A
2025-11-08 11:08:36,327 $$ WARNING $$ edad_dias: N/A
2025-11-08 11:08:36,328 $$ INFO $$ ** FIN ** Procesamiento BASAL → unificado_basal.csv para /home/rom/prj/obsino-clisueno/test_files/rtf/SONIA GUTIERREZ VARGAS 02-09-2023 BASAL.rtf
2025-11-08 11:08:36,328 $$ INFO $$ Procesando archivo válido: /home/rom/prj/obsino-clisueno/test_files/rtf/ZAIREE KARINA GUALDRON HERNANDEZ-13-06-2023- CPAP.rtf
2025-11-08 11:08:36,876 $$ INFO $$ Procesando examen de CPAP
2025-11-08 11:08:36,876 $$ INFO $$ ** INICIO ** Procesando archivo CPAP válido: /home/rom/prj/obsino-clisueno/test_files/rtf/ZAIREE KARINA GUALDRON HERNANDEZ-13-06-2023- CPAP.rtf
2025-11-08 11:08:36,876 $$ INFO $$ Procesando examen xpap (RTF)
2025-11-08 11:08:36,877 $$ WARNING $$ edad_meses: N/A
2025-11-08 11:08:36,877 $$ WARNING $$ edad_dias: N/A
2025-11-08 11:08:36,877 $$ WARNING $$ epworth: N/A
2025-11-08 11:08:36,878 $$ INFO $$ ** FIN ** Procesamiento CPAP → unificado_xpap.csv para /home/rom/prj/obsino-clisueno/test_files/rtf/ZAIREE KARINA GUALDRON HERNANDEZ-13-06-2023- CPAP.rtf
2025-11-08 11:08:36,878 $$ INFO $$ Procesando archivo válido: /home/rom/prj/obsino-clisueno/test_files/rtf/EDICTO ESTUPIÑAN CACERES 11-07-2024 BASAL.RTF
2025-11-08 11:08:37,565 $$ INFO $$ Procesando examen de BASAL
2025-11-08 11:08:37,566 $$ INFO $$ ** INICIO ** Procesando archivo BASAL válido: /home/rom/prj/obsino-clisueno/test_files/rtf/EDICTO ESTUPIÑAN CACERES 11-07-2024 BASAL.RTF
2025-11-08 11:08:37,566 $$ INFO $$ Procesando examen Basal (RTF)
2025-11-08 11:08:37,566 $$ WARNING $$ edad_meses: N/A
2025-11-08 11:08:37,566 $$ WARNING $$ edad_dias: N/A
2025-11-08 11:08:37,568 $$ INFO $$ ** FIN ** Procesamiento BASAL → unificado_basal.csv para /home/rom/prj/obsino-clisueno/test_files/rtf/EDICTO ESTUPIÑAN CACERES 11-07-2024 BASAL.RTF
2025-11-08 11:08:37,568 $$ INFO $$ Procesando archivo válido: /home/rom/prj/obsino-clisueno/test_files/rtf/YOLANDA IVONNEE CASTILLO TORRES 18-07-2024 CPAP.RTF
2025-11-08 11:08:38,258 $$ INFO $$ Procesando examen de CPAP
2025-11-08 11:08:38,258 $$ INFO $$ ** INICIO ** Procesando archivo CPAP válido: /home/rom/prj/obsino-clisueno/test_files/rtf/YOLANDA IVONNEE CASTILLO TORRES 18-07-2024 CPAP.RTF
2025-11-08 11:08:38,258 $$ INFO $$ Procesando examen xpap (RTF)
2025-11-08 11:08:38,258 $$ WARNING $$ edad_meses: N/A
2025-11-08 11:08:38,258 $$ WARNING $$ edad_dias: N/A
2025-11-08 11:08:38,258 $$ WARNING $$ epworth: N/A
2025-11-08 11:08:38,259 $$ INFO $$ ** FIN ** Procesamiento CPAP → unificado_xpap.csv para /home/rom/prj/obsino-clisueno/test_files/rtf/YOLANDA IVONNEE CASTILLO TORRES 18-07-2024 CPAP.RTF
2025-11-08 11:08:38,259 $$ INFO $$ Procesando archivo válido: /home/rom/prj/obsino-clisueno/test_files/rtf/RAMIRO AYALA MUÑOZ 03-04-2023  BASAL + CAPNO.rtf
2025-11-08 11:08:38,509 $$ INFO $$ Procesando examen de BASAL
2025-11-08 11:08:38,510 $$ INFO $$ ** INICIO ** Procesando archivo BASAL válido: /home/rom/prj/obsino-clisueno/test_files/rtf/RAMIRO AYALA MUÑOZ 03-04-2023  BASAL + CAPNO.rtf
2025-11-08 11:08:38,510 $$ INFO $$ Procesando examen Basal (RTF)
2025-11-08 11:08:38,510 $$ WARNING $$ edad_meses: N/A
2025-11-08 11:08:38,510 $$ WARNING $$ edad_dias: N/A
2025-11-08 11:08:38,511 $$ INFO $$ ** FIN ** Procesamiento BASAL → unificado_basal.csv para /home/rom/prj/obsino-clisueno/test_files/rtf/RAMIRO AYALA MUÑOZ 03-04-2023  BASAL + CAPNO.rtf
2025-11-08 11:08:38,511 $$ INFO $$ Omitido tipo no implementado: CAPNOGRAFIA
2025-11-08 11:08:38,511 $$ INFO $$ Procesando archivo válido: /home/rom/prj/obsino-clisueno/test_files/rtf/CONSUELO TOLEDO LEON BASAL 10-02-2025.RTF
2025-11-08 11:08:39,139 $$ INFO $$ Procesando examen de BASAL
2025-11-08 11:08:39,140 $$ INFO $$ ** INICIO ** Procesando archivo BASAL válido: /home/rom/prj/obsino-clisueno/test_files/rtf/CONSUELO TOLEDO LEON BASAL 10-02-2025.RTF
2025-11-08 11:08:39,140 $$ INFO $$ Procesando examen Basal (RTF)
2025-11-08 11:08:39,140 $$ WARNING $$ edad_meses: N/A
2025-11-08 11:08:39,140 $$ WARNING $$ edad_dias: N/A
2025-11-08 11:08:39,141 $$ INFO $$ ** FIN ** Procesamiento BASAL → unificado_basal.csv para /home/rom/prj/obsino-clisueno/test_files/rtf/CONSUELO TOLEDO LEON BASAL 10-02-2025.RTF
2025-11-08 11:08:39,141 $$ INFO $$ Procesando archivo válido: /home/rom/prj/obsino-clisueno/test_files/rtf/ROBINSON GALVIS ARDILA 11-02-2025 BASAL+CAPNO+OXIGENO.rtf
2025-11-08 11:08:39,141 $$ INFO $$ Archivo excluido por patrón OXIGENO en filename: ROBINSON GALVIS ARDILA 11-02-2025 BASAL+CAPNO+OXIGENO.rtf
2025-11-08 11:08:39,141 $$ INFO $$ Procesando archivo válido: /home/rom/prj/obsino-clisueno/test_files/rtf/ROSALBA VALBUENA CONTRERAS 08-04-2023 BASAL.RTF
2025-11-08 11:08:39,707 $$ INFO $$ Procesando examen de BASAL
2025-11-08 11:08:39,707 $$ INFO $$ ** INICIO ** Procesando archivo BASAL válido: /home/rom/prj/obsino-clisueno/test_files/rtf/ROSALBA VALBUENA CONTRERAS 08-04-2023 BASAL.RTF
2025-11-08 11:08:39,707 $$ INFO $$ Procesando examen Basal (RTF)
2025-11-08 11:08:39,708 $$ WARNING $$ edad_meses: N/A
2025-11-08 11:08:39,708 $$ WARNING $$ edad_dias: N/A
2025-11-08 11:08:39,710 $$ INFO $$ ** FIN ** Procesamiento BASAL → unificado_basal.csv para /home/rom/prj/obsino-clisueno/test_files/rtf/ROSALBA VALBUENA CONTRERAS 08-04-2023 BASAL.RTF
2025-11-08 11:08:39,710 $$ INFO $$ Procesando archivo válido: /home/rom/prj/obsino-clisueno/test_files/rtf/JAVIER MARIN URRUTIA 08-04-2025 BIPAP.rtf
2025-11-08 11:08:40,256 $$ INFO $$ Procesando examen de CPAP
2025-11-08 11:08:40,257 $$ INFO $$ ** INICIO ** Procesando archivo CPAP válido: /home/rom/prj/obsino-clisueno/test_files/rtf/JAVIER MARIN URRUTIA 08-04-2025 BIPAP.rtf
2025-11-08 11:08:40,257 $$ INFO $$ Procesando examen xpap (RTF)
2025-11-08 11:08:40,257 $$ WARNING $$ edad_meses: N/A
2025-11-08 11:08:40,257 $$ WARNING $$ edad_dias: N/A
2025-11-08 11:08:40,257 $$ WARNING $$ epworth: N/A
2025-11-08 11:08:40,258 $$ INFO $$ ** FIN ** Procesamiento CPAP → unificado_xpap.csv para /home/rom/prj/obsino-clisueno/test_files/rtf/JAVIER MARIN URRUTIA 08-04-2025 BIPAP.rtf
2025-11-08 11:08:40,258 $$ INFO $$ Procesando archivo válido: /home/rom/prj/obsino-clisueno/test_files/rtf/JUAN CAMILO DUARTE ROA -PSG CAPNO-BASAL marzo 23 2025.rtf
2025-11-08 11:08:41,146 $$ INFO $$ Procesando examen de BASAL
2025-11-08 11:08:41,146 $$ INFO $$ ** INICIO ** Procesando archivo BASAL válido: /home/rom/prj/obsino-clisueno/test_files/rtf/JUAN CAMILO DUARTE ROA -PSG CAPNO-BASAL marzo 23 2025.rtf
2025-11-08 11:08:41,146 $$ INFO $$ Procesando examen Basal (RTF)
2025-11-08 11:08:41,146 $$ WARNING $$ edad_meses: N/A
2025-11-08 11:08:41,146 $$ WARNING $$ edad_dias: N/A
2025-11-08 11:08:41,146 $$ WARNING $$ epworth: N/A
2025-11-08 11:08:41,147 $$ INFO $$ ** FIN ** Procesamiento BASAL → unificado_basal.csv para /home/rom/prj/obsino-clisueno/test_files/rtf/JUAN CAMILO DUARTE ROA -PSG CAPNO-BASAL marzo 23 2025.rtf
2025-11-08 11:08:41,147 $$ INFO $$ Omitido tipo no implementado: CAPNOGRAFIA
2025-11-08 11:08:41,147 $$ INFO $$ Procesando archivo válido: /home/rom/prj/obsino-clisueno/test_files/rtf/IRMA BELKYS SIERRA VALERO 18-12-2023 BASAL.RTF
2025-11-08 11:08:41,661 $$ INFO $$ Procesando examen de BASAL
2025-11-08 11:08:41,661 $$ INFO $$ ** INICIO ** Procesando archivo BASAL válido: /home/rom/prj/obsino-clisueno/test_files/rtf/IRMA BELKYS SIERRA VALERO 18-12-2023 BASAL.RTF
2025-11-08 11:08:41,661 $$ INFO $$ Procesando examen Basal (RTF)
2025-11-08 11:08:41,662 $$ WARNING $$ edad_meses: N/A
2025-11-08 11:08:41,662 $$ WARNING $$ edad_dias: N/A
2025-11-08 11:08:41,663 $$ INFO $$ ** FIN ** Procesamiento BASAL → unificado_basal.csv para /home/rom/prj/obsino-clisueno/test_files/rtf/IRMA BELKYS SIERRA VALERO 18-12-2023 BASAL.RTF
2025-11-08 11:08:41,663 $$ INFO $$ Procesando archivo válido: /home/rom/prj/obsino-clisueno/test_files/rtf/ALVARO NIÑO GAMBOA 10-04-2025 CPAP.rtf
2025-11-08 11:08:41,888 $$ INFO $$ Procesando examen de CPAP
2025-11-08 11:08:41,888 $$ INFO $$ ** INICIO ** Procesando archivo CPAP válido: /home/rom/prj/obsino-clisueno/test_files/rtf/ALVARO NIÑO GAMBOA 10-04-2025 CPAP.rtf
2025-11-08 11:08:41,888 $$ INFO $$ Procesando examen xpap (RTF)
2025-11-08 11:08:41,888 $$ WARNING $$ edad_meses: N/A
2025-11-08 11:08:41,888 $$ WARNING $$ edad_dias: N/A
2025-11-08 11:08:41,888 $$ WARNING $$ epworth: N/A
2025-11-08 11:08:41,889 $$ INFO $$ ** FIN ** Procesamiento CPAP → unificado_xpap.csv para /home/rom/prj/obsino-clisueno/test_files/rtf/ALVARO NIÑO GAMBOA 10-04-2025 CPAP.rtf
2025-11-08 11:08:41,889 $$ INFO $$ Procesando archivo válido: /home/rom/prj/obsino-clisueno/test_files/rtf/PIEDAD AMAYA PRADA-17-04-2024-BASAL.RTF
2025-11-08 11:08:42,544 $$ INFO $$ Procesando examen de BASAL
2025-11-08 11:08:42,544 $$ INFO $$ ** INICIO ** Procesando archivo BASAL válido: /home/rom/prj/obsino-clisueno/test_files/rtf/PIEDAD AMAYA PRADA-17-04-2024-BASAL.RTF
2025-11-08 11:08:42,544 $$ INFO $$ Procesando examen Basal (RTF)
2025-11-08 11:08:42,544 $$ WARNING $$ edad_meses: N/A
2025-11-08 11:08:42,544 $$ WARNING $$ edad_dias: N/A
2025-11-08 11:08:42,545 $$ INFO $$ ** FIN ** Procesamiento BASAL → unificado_basal.csv para /home/rom/prj/obsino-clisueno/test_files/rtf/PIEDAD AMAYA PRADA-17-04-2024-BASAL.RTF
2025-11-08 11:08:42,545 $$ INFO $$ Procesando archivo válido: /home/rom/prj/obsino-clisueno/test_files/rtf/DORIS AMANDA LAVERDE JIMENEZ-13-07-2024- BASAL.RTF
2025-11-08 11:08:43,351 $$ INFO $$ Procesando examen de BASAL
2025-11-08 11:08:43,352 $$ INFO $$ ** INICIO ** Procesando archivo BASAL válido: /home/rom/prj/obsino-clisueno/test_files/rtf/DORIS AMANDA LAVERDE JIMENEZ-13-07-2024- BASAL.RTF
2025-11-08 11:08:43,352 $$ INFO $$ Procesando examen Basal (RTF)
2025-11-08 11:08:43,352 $$ WARNING $$ edad_meses: N/A
2025-11-08 11:08:43,352 $$ WARNING $$ edad_dias: N/A
2025-11-08 11:08:43,353 $$ INFO $$ ** FIN ** Procesamiento BASAL → unificado_basal.csv para /home/rom/prj/obsino-clisueno/test_files/rtf/DORIS AMANDA LAVERDE JIMENEZ-13-07-2024- BASAL.RTF
2025-11-08 11:08:43,353 $$ INFO $$ Procesando archivo válido: /home/rom/prj/obsino-clisueno/test_files/rtf/ANA VIRGINIA MONTAÑEZ PEÑA 04-10-2024 BASAL.RTF
2025-11-08 11:08:43,969 $$ INFO $$ Procesando examen de BASAL
2025-11-08 11:08:43,969 $$ INFO $$ ** INICIO ** Procesando archivo BASAL válido: /home/rom/prj/obsino-clisueno/test_files/rtf/ANA VIRGINIA MONTAÑEZ PEÑA 04-10-2024 BASAL.RTF
2025-11-08 11:08:43,969 $$ INFO $$ Procesando examen Basal (RTF)
2025-11-08 11:08:43,970 $$ WARNING $$ edad_meses: N/A
2025-11-08 11:08:43,970 $$ WARNING $$ edad_dias: N/A
2025-11-08 11:08:43,970 $$ WARNING $$ fecha_estudio: N/A
2025-11-08 11:08:43,970 $$ WARNING $$ epworth: N/A
2025-11-08 11:08:43,971 $$ INFO $$ ** FIN ** Procesamiento BASAL → unificado_basal.csv para /home/rom/prj/obsino-clisueno/test_files/rtf/ANA VIRGINIA MONTAÑEZ PEÑA 04-10-2024 BASAL.RTF
2025-11-08 11:08:43,971 $$ INFO $$ Procesando archivo válido: /home/rom/prj/obsino-clisueno/test_files/rtf/YUDITH TATIANA GOMEZ CHIVATA 14-11-2023 CPAP.rtf
2025-11-08 11:08:44,132 $$ INFO $$ Procesando examen de CPAP
2025-11-08 11:08:44,132 $$ INFO $$ ** INICIO ** Procesando archivo CPAP válido: /home/rom/prj/obsino-clisueno/test_files/rtf/YUDITH TATIANA GOMEZ CHIVATA 14-11-2023 CPAP.rtf
2025-11-08 11:08:44,132 $$ INFO $$ Procesando examen xpap (RTF)
2025-11-08 11:08:44,132 $$ WARNING $$ edad_meses: N/A
2025-11-08 11:08:44,132 $$ WARNING $$ edad_dias: N/A
2025-11-08 11:08:44,133 $$ WARNING $$ epworth: N/A
2025-11-08 11:08:44,134 $$ INFO $$ ** FIN ** Procesamiento CPAP → unificado_xpap.csv para /home/rom/prj/obsino-clisueno/test_files/rtf/YUDITH TATIANA GOMEZ CHIVATA 14-11-2023 CPAP.rtf
2025-11-08 11:08:44,135 $$ INFO $$ Procesando archivo válido: /home/rom/prj/obsino-clisueno/test_files/rtf/TEMPLATE_CPAP.rtf
2025-11-08 11:08:44,304 $$ INFO $$ Procesando examen de CPAP
2025-11-08 11:08:44,304 $$ INFO $$ ** INICIO ** Procesando archivo CPAP válido: /home/rom/prj/obsino-clisueno/test_files/rtf/TEMPLATE_CPAP.rtf
2025-11-08 11:08:44,304 $$ INFO $$ Procesando examen xpap (RTF)
2025-11-08 11:08:44,305 $$ WARNING $$ edad_anos: N/A
2025-11-08 11:08:44,305 $$ WARNING $$ edad_dias: N/A
2025-11-08 11:08:44,305 $$ WARNING $$ epworth: N/A
2025-11-08 11:08:44,306 $$ INFO $$ ** FIN ** Procesamiento CPAP → unificado_xpap.csv para /home/rom/prj/obsino-clisueno/test_files/rtf/TEMPLATE_CPAP.rtf
2025-11-08 11:08:44,307 $$ INFO $$ Procesando archivo válido: /home/rom/prj/obsino-clisueno/test_files/rtf/FRANCISCO RAMON BALLESTEROS ALMAO 20-04-2025 BASAL.RTF
2025-11-08 11:08:44,926 $$ INFO $$ Procesando examen de BASAL
2025-11-08 11:08:44,926 $$ INFO $$ ** INICIO ** Procesando archivo BASAL válido: /home/rom/prj/obsino-clisueno/test_files/rtf/FRANCISCO RAMON BALLESTEROS ALMAO 20-04-2025 BASAL.RTF
2025-11-08 11:08:44,926 $$ INFO $$ Procesando examen Basal (RTF)
2025-11-08 11:08:44,926 $$ WARNING $$ edad_meses: N/A
2025-11-08 11:08:44,926 $$ WARNING $$ edad_dias: N/A
2025-11-08 11:08:44,929 $$ INFO $$ ** FIN ** Procesamiento BASAL → unificado_basal.csv para /home/rom/prj/obsino-clisueno/test_files/rtf/FRANCISCO RAMON BALLESTEROS ALMAO 20-04-2025 BASAL.RTF
2025-11-08 11:08:44,929 $$ INFO $$ Procesando archivo válido: /home/rom/prj/obsino-clisueno/test_files/rtf/AMINTA SERRANO SANTAMARIA-24-04-2025-CPAP.RTF
2025-11-08 11:08:45,370 $$ INFO $$ Procesando examen de CPAP
2025-11-08 11:08:45,370 $$ INFO $$ ** INICIO ** Procesando archivo CPAP válido: /home/rom/prj/obsino-clisueno/test_files/rtf/AMINTA SERRANO SANTAMARIA-24-04-2025-CPAP.RTF
2025-11-08 11:08:45,370 $$ INFO $$ Procesando examen xpap (RTF)
2025-11-08 11:08:45,370 $$ WARNING $$ edad_meses: N/A
2025-11-08 11:08:45,370 $$ WARNING $$ edad_dias: N/A
2025-11-08 11:08:45,370 $$ WARNING $$ epworth: N/A
2025-11-08 11:08:45,371 $$ INFO $$ ** FIN ** Procesamiento CPAP → unificado_xpap.csv para /home/rom/prj/obsino-clisueno/test_files/rtf/AMINTA SERRANO SANTAMARIA-24-04-2025-CPAP.RTF
2025-11-08 11:08:45,372 $$ INFO $$ Procesando archivo válido: /home/rom/prj/obsino-clisueno/test_files/rtf/YORGE ARENAS ANGARITA 14-05-2024 CPAP.rtf
2025-11-08 11:08:45,548 $$ INFO $$ Procesando examen de CPAP
2025-11-08 11:08:45,548 $$ INFO $$ ** INICIO ** Procesando archivo CPAP válido: /home/rom/prj/obsino-clisueno/test_files/rtf/YORGE ARENAS ANGARITA 14-05-2024 CPAP.rtf
2025-11-08 11:08:45,548 $$ INFO $$ Procesando examen xpap (RTF)
2025-11-08 11:08:45,548 $$ WARNING $$ edad_meses: N/A
2025-11-08 11:08:45,548 $$ WARNING $$ edad_dias: N/A
2025-11-08 11:08:45,548 $$ WARNING $$ epworth: N/A
2025-11-08 11:08:45,549 $$ INFO $$ ** FIN ** Procesamiento CPAP → unificado_xpap.csv para /home/rom/prj/obsino-clisueno/test_files/rtf/YORGE ARENAS ANGARITA 14-05-2024 CPAP.rtf
2025-11-08 11:08:45,550 $$ INFO $$ Procesando archivo válido: /home/rom/prj/obsino-clisueno/test_files/rtf/TEMPLATE BASAL.RTF
2025-11-08 11:08:46,273 $$ INFO $$ Procesando examen de BASAL
2025-11-08 11:08:46,274 $$ INFO $$ ** INICIO ** Procesando archivo BASAL válido: /home/rom/prj/obsino-clisueno/test_files/rtf/TEMPLATE BASAL.RTF
2025-11-08 11:08:46,274 $$ INFO $$ Procesando examen Basal (RTF)
2025-11-08 11:08:46,274 $$ INFO $$ ** FIN ** Procesamiento BASAL → unificado_basal.csv para /home/rom/prj/obsino-clisueno/test_files/rtf/TEMPLATE BASAL.RTF
2025-11-08 11:08:46,274 $$ INFO $$ Procesando archivo válido: /home/rom/prj/obsino-clisueno/test_files/rtf/MARIA DEL CARMEN PALOMINO DE CESPEDES 29-08-2025 BASAL+O2.rtf
2025-11-08 11:08:46,275 $$ INFO $$ Archivo excluido por patrón OXIGENO en filename: MARIA DEL CARMEN PALOMINO DE CESPEDES 29-08-2025 BASAL+O2.rtf
2025-11-08 11:08:46,275 $$ INFO $$ Procesando archivo válido: /home/rom/prj/obsino-clisueno/test_files/doc/LEONOR.PINTO CHAPARRO.08-04-2025 BIPAP.doc
2025-11-08 11:08:46,280 $$ INFO $$ Procesando examen de BPAP
2025-11-08 11:08:46,280 $$ INFO $$ ** INICIO ** Procesando archivo BPAP válido: /home/rom/prj/obsino-clisueno/test_files/doc/LEONOR.PINTO CHAPARRO.08-04-2025 BIPAP.doc
2025-11-08 11:08:46,280 $$ INFO $$ Procesando examen xpap (DOC)
2025-11-08 11:08:46,280 $$ WARNING $$ edad_meses: N/A
2025-11-08 11:08:46,280 $$ WARNING $$ edad_dias: N/A
2025-11-08 11:08:46,283 $$ WARNING $$ epworth: N/A
2025-11-08 11:08:46,286 $$ INFO $$ ** FIN ** Procesamiento BPAP → unificado_xpap.csv para /home/rom/prj/obsino-clisueno/test_files/doc/LEONOR.PINTO CHAPARRO.08-04-2025 BIPAP.doc
2025-11-08 11:08:46,286 $$ INFO $$ Procesando archivo válido: /home/rom/prj/obsino-clisueno/test_files/doc/ORLANDO RINCON.27-04-2025 BPAP.doc
2025-11-08 11:08:46,289 $$ INFO $$ Procesando examen de BPAP
2025-11-08 11:08:46,291 $$ INFO $$ ** INICIO ** Procesando archivo BPAP válido: /home/rom/prj/obsino-clisueno/test_files/doc/ORLANDO RINCON.27-04-2025 BPAP.doc
2025-11-08 11:08:46,291 $$ INFO $$ Procesando examen xpap (DOC)
2025-11-08 11:08:46,291 $$ WARNING $$ edad_meses: N/A
2025-11-08 11:08:46,291 $$ WARNING $$ edad_dias: N/A
2025-11-08 11:08:46,292 $$ WARNING $$ epworth: N/A
2025-11-08 11:08:46,293 $$ INFO $$ ** FIN ** Procesamiento BPAP → unificado_xpap.csv para /home/rom/prj/obsino-clisueno/test_files/doc/ORLANDO RINCON.27-04-2025 BPAP.doc
2025-11-08 11:08:46,293 $$ INFO $$ Procesando archivo válido: /home/rom/prj/obsino-clisueno/test_files/doc/TEMPLATE BPAP.doc
2025-11-08 11:08:46,297 $$ INFO $$ Procesando examen de BPAP
2025-11-08 11:08:46,297 $$ INFO $$ ** INICIO ** Procesando archivo BPAP válido: /home/rom/prj/obsino-clisueno/test_files/doc/TEMPLATE BPAP.doc
2025-11-08 11:08:46,297 $$ INFO $$ Procesando examen xpap (DOC)
2025-11-08 11:08:46,297 $$ WARNING $$ edad_meses: N/A
2025-11-08 11:08:46,297 $$ WARNING $$ edad_dias: N/A
2025-11-08 11:08:46,298 $$ WARNING $$ epworth: N/A
2025-11-08 11:08:46,298 $$ INFO $$ ** FIN ** Procesamiento BPAP → unificado_xpap.csv para /home/rom/prj/obsino-clisueno/test_files/doc/TEMPLATE BPAP.doc
2025-11-08 11:08:46,299 $$ INFO $$ Procesando archivo válido: /home/rom/prj/obsino-clisueno/test_files/doc/~$ISTINA MAY  MOLINA PINEDA 15-11-2023 BASAL.doc
2025-11-08 11:08:46,300 $$ INFO $$ Omitido tipo no implementado: DESCONOCIDO
2025-11-08 11:08:46,300 $$ INFO $$ Procesando archivo válido: /home/rom/prj/obsino-clisueno/test_files/doc/.JUAN JOSE.VERGEL DURAN - 09-07-2024 - BASAL.doc
2025-11-08 11:08:46,303 $$ INFO $$ Procesando examen de BASAL
2025-11-08 11:08:46,303 $$ INFO $$ ** INICIO ** Procesando archivo BASAL válido: /home/rom/prj/obsino-clisueno/test_files/doc/.JUAN JOSE.VERGEL DURAN - 09-07-2024 - BASAL.doc
2025-11-08 11:08:46,303 $$ INFO $$ Procesando examen BASAL (DOC)
2025-11-08 11:08:46,303 $$ WARNING $$ edad_meses: N/A
2025-11-08 11:08:46,303 $$ WARNING $$ edad_dias: N/A
2025-11-08 11:08:46,304 $$ INFO $$ ** FIN ** Procesamiento BASAL → unificado_basal.csv para /home/rom/prj/obsino-clisueno/test_files/doc/.JUAN JOSE.VERGEL DURAN - 09-07-2024 - BASAL.doc
2025-11-08 11:08:46,304 $$ INFO $$ Procesando archivo válido: /home/rom/prj/obsino-clisueno/test_files/doc/WILFREDO DEL TORO RODRIGUEZ^.13-06-2023 BASAL.doc
2025-11-08 11:08:46,310 $$ INFO $$ Procesando examen de BASAL
2025-11-08 11:08:46,310 $$ INFO $$ ** INICIO ** Procesando archivo BASAL válido: /home/rom/prj/obsino-clisueno/test_files/doc/WILFREDO DEL TORO RODRIGUEZ^.13-06-2023 BASAL.doc
2025-11-08 11:08:46,310 $$ INFO $$ Procesando examen BASAL (DOC)
2025-11-08 11:08:46,310 $$ WARNING $$ edad_meses: N/A
2025-11-08 11:08:46,310 $$ WARNING $$ edad_dias: N/A
2025-11-08 11:08:46,314 $$ INFO $$ ** FIN ** Procesamiento BASAL → unificado_basal.csv para /home/rom/prj/obsino-clisueno/test_files/doc/WILFREDO DEL TORO RODRIGUEZ^.13-06-2023 BASAL.doc
2025-11-08 11:08:46,314 $$ INFO $$ Procesando archivo válido: /home/rom/prj/obsino-clisueno/test_files/doc/ANYI ZERITH PINEDA MARTINEZ 3-5-2024 CPAP.doc
2025-11-08 11:08:46,323 $$ INFO $$ Procesando examen de CPAP
2025-11-08 11:08:46,323 $$ INFO $$ ** INICIO ** Procesando archivo CPAP válido: /home/rom/prj/obsino-clisueno/test_files/doc/ANYI ZERITH PINEDA MARTINEZ 3-5-2024 CPAP.doc
2025-11-08 11:08:46,323 $$ INFO $$ Procesando examen xpap (DOC)
2025-11-08 11:08:46,323 $$ WARNING $$ edad_meses: N/A
2025-11-08 11:08:46,323 $$ WARNING $$ edad_dias: N/A
2025-11-08 11:08:46,324 $$ WARNING $$ epworth: N/A
2025-11-08 11:08:46,325 $$ INFO $$ ** FIN ** Procesamiento CPAP → unificado_xpap.csv para /home/rom/prj/obsino-clisueno/test_files/doc/ANYI ZERITH PINEDA MARTINEZ 3-5-2024 CPAP.doc
2025-11-08 11:08:46,325 $$ INFO $$ Procesando archivo válido: /home/rom/prj/obsino-clisueno/test_files/doc/GERARDO PARRA CASTRO - 15-04-2023 BASAL+CAPNOGRAFIA.doc
2025-11-08 11:08:46,328 $$ INFO $$ Procesando examen de BASAL
2025-11-08 11:08:46,328 $$ INFO $$ ** INICIO ** Procesando archivo BASAL válido: /home/rom/prj/obsino-clisueno/test_files/doc/GERARDO PARRA CASTRO - 15-04-2023 BASAL+CAPNOGRAFIA.doc
2025-11-08 11:08:46,328 $$ INFO $$ Procesando examen BASAL (DOC)
2025-11-08 11:08:46,328 $$ WARNING $$ edad_meses: N/A
2025-11-08 11:08:46,328 $$ WARNING $$ edad_dias: N/A
2025-11-08 11:08:46,328 $$ WARNING $$ epworth: N/A
2025-11-08 11:08:46,329 $$ INFO $$ ** FIN ** Procesamiento BASAL → unificado_basal.csv para /home/rom/prj/obsino-clisueno/test_files/doc/GERARDO PARRA CASTRO - 15-04-2023 BASAL+CAPNOGRAFIA.doc
2025-11-08 11:08:46,329 $$ INFO $$ Omitido tipo no implementado: CAPNOGRAFIA
2025-11-08 11:08:46,329 $$ INFO $$ Procesando archivo válido: /home/rom/prj/obsino-clisueno/test_files/doc/JANETH ADRIANA BALAGUERA GÛISA 15-06-2025 BASAL.doc
2025-11-08 11:08:46,331 $$ INFO $$ Procesando examen de BASAL
2025-11-08 11:08:46,332 $$ INFO $$ ** INICIO ** Procesando archivo BASAL válido: /home/rom/prj/obsino-clisueno/test_files/doc/JANETH ADRIANA BALAGUERA GÛISA 15-06-2025 BASAL.doc
2025-11-08 11:08:46,332 $$ INFO $$ Procesando examen BASAL (DOC)
2025-11-08 11:08:46,332 $$ WARNING $$ edad_meses: N/A
2025-11-08 11:08:46,332 $$ WARNING $$ edad_dias: N/A
2025-11-08 11:08:46,333 $$ INFO $$ ** FIN ** Procesamiento BASAL → unificado_basal.csv para /home/rom/prj/obsino-clisueno/test_files/doc/JANETH ADRIANA BALAGUERA GÛISA 15-06-2025 BASAL.doc
2025-11-08 11:08:46,333 $$ INFO $$ Procesando archivo válido: /home/rom/prj/obsino-clisueno/test_files/doc/DERLY MELITZA PEÑA PINEDA. .07-07-2025 BASAL + O2.doc
2025-11-08 11:08:46,333 $$ INFO $$ Archivo excluido por patrón OXIGENO en filename: DERLY MELITZA PEÑA PINEDA. .07-07-2025 BASAL + O2.doc
2025-11-08 11:08:46,333 $$ INFO $$ Procesando archivo válido: /home/rom/prj/obsino-clisueno/test_files/doc/YEISON ANDRES CARVAJAL ARCINIEGAS 19-04-2025 BIPAP+CAPNO.doc
2025-11-08 11:08:46,336 $$ INFO $$ Procesando examen de BPAP
2025-11-08 11:08:46,336 $$ INFO $$ ** INICIO ** Procesando archivo BPAP válido: /home/rom/prj/obsino-clisueno/test_files/doc/YEISON ANDRES CARVAJAL ARCINIEGAS 19-04-2025 BIPAP+CAPNO.doc
2025-11-08 11:08:46,336 $$ INFO $$ Procesando examen xpap (DOC)
2025-11-08 11:08:46,336 $$ WARNING $$ edad_meses: N/A
2025-11-08 11:08:46,336 $$ WARNING $$ edad_dias: N/A
2025-11-08 11:08:46,337 $$ WARNING $$ epworth: N/A
2025-11-08 11:08:46,338 $$ INFO $$ ** FIN ** Procesamiento BPAP → unificado_xpap.csv para /home/rom/prj/obsino-clisueno/test_files/doc/YEISON ANDRES CARVAJAL ARCINIEGAS 19-04-2025 BIPAP+CAPNO.doc
2025-11-08 11:08:46,338 $$ INFO $$ Omitido tipo no implementado: CAPNOGRAFIA
2025-11-08 11:08:46,338 $$ INFO $$ Procesando archivo válido: /home/rom/prj/obsino-clisueno/test_files/doc/JERONIMO JEREZ RINCON PSG BASAL nov 9 2023.doc
2025-11-08 11:08:46,340 $$ INFO $$ Procesando examen de BASAL
2025-11-08 11:08:46,341 $$ INFO $$ ** INICIO ** Procesando archivo BASAL válido: /home/rom/prj/obsino-clisueno/test_files/doc/JERONIMO JEREZ RINCON PSG BASAL nov 9 2023.doc
2025-11-08 11:08:46,341 $$ INFO $$ Procesando examen BASAL (DOC)
2025-11-08 11:08:46,341 $$ WARNING $$ edad_meses: N/A
2025-11-08 11:08:46,341 $$ WARNING $$ edad_dias: N/A
2025-11-08 11:08:46,341 $$ WARNING $$ medida_peso: N/A
2025-11-08 11:08:46,341 $$ WARNING $$ talla: N/A
2025-11-08 11:08:46,341 $$ WARNING $$ medida_talla: N/A
2025-11-08 11:08:46,341 $$ WARNING $$ epworth: N/A
2025-11-08 11:08:46,342 $$ INFO $$ ** FIN ** Procesamiento BASAL → unificado_basal.csv para /home/rom/prj/obsino-clisueno/test_files/doc/JERONIMO JEREZ RINCON PSG BASAL nov 9 2023.doc
2025-11-08 11:08:46,342 $$ INFO $$ Procesando archivo válido: /home/rom/prj/obsino-clisueno/test_files/doc/ALBERTO GUERRERO HERNANDEZ . .18-07-2024  BASAL.doc
2025-11-08 11:08:46,344 $$ INFO $$ Procesando examen de BASAL
2025-11-08 11:08:46,345 $$ INFO $$ ** INICIO ** Procesando archivo BASAL válido: /home/rom/prj/obsino-clisueno/test_files/doc/ALBERTO GUERRERO HERNANDEZ . .18-07-2024  BASAL.doc
2025-11-08 11:08:46,345 $$ INFO $$ Procesando examen BASAL (DOC)
2025-11-08 11:08:46,345 $$ WARNING $$ edad_meses: N/A
2025-11-08 11:08:46,345 $$ WARNING $$ edad_dias: N/A
2025-11-08 11:08:46,346 $$ INFO $$ ** FIN ** Procesamiento BASAL → unificado_basal.csv para /home/rom/prj/obsino-clisueno/test_files/doc/ALBERTO GUERRERO HERNANDEZ . .18-07-2024  BASAL.doc
2025-11-08 11:08:46,346 $$ INFO $$ Procesando archivo válido: /home/rom/prj/obsino-clisueno/test_files/doc/ADELA .ACOSTA DE MOLANO.28-05-2023 CPAP.doc
2025-11-08 11:08:46,349 $$ INFO $$ Procesando examen de CPAP
2025-11-08 11:08:46,349 $$ INFO $$ ** INICIO ** Procesando archivo CPAP válido: /home/rom/prj/obsino-clisueno/test_files/doc/ADELA .ACOSTA DE MOLANO.28-05-2023 CPAP.doc
2025-11-08 11:08:46,349 $$ INFO $$ Procesando examen xpap (DOC)
2025-11-08 11:08:46,349 $$ WARNING $$ edad_meses: N/A
2025-11-08 11:08:46,349 $$ WARNING $$ edad_dias: N/A
2025-11-08 11:08:46,350 $$ WARNING $$ epworth: N/A
2025-11-08 11:08:46,351 $$ INFO $$ ** FIN ** Procesamiento CPAP → unificado_xpap.csv para /home/rom/prj/obsino-clisueno/test_files/doc/ADELA .ACOSTA DE MOLANO.28-05-2023 CPAP.doc
2025-11-08 11:08:46,351 $$ INFO $$ Procesando archivo válido: /home/rom/prj/obsino-clisueno/test_files/doc/JOAN SEBASTIAN DCROZ CANCINO 31-05-2025 BASAL.doc
2025-11-08 11:08:46,354 $$ INFO $$ Procesando examen de BASAL
2025-11-08 11:08:46,354 $$ INFO $$ ** INICIO ** Procesando archivo BASAL válido: /home/rom/prj/obsino-clisueno/test_files/doc/JOAN SEBASTIAN DCROZ CANCINO 31-05-2025 BASAL.doc
2025-11-08 11:08:46,354 $$ INFO $$ Procesando examen BASAL (DOC)
2025-11-08 11:08:46,354 $$ WARNING $$ edad_meses: N/A
2025-11-08 11:08:46,354 $$ WARNING $$ edad_dias: N/A
2025-11-08 11:08:46,356 $$ INFO $$ ** FIN ** Procesamiento BASAL → unificado_basal.csv para /home/rom/prj/obsino-clisueno/test_files/doc/JOAN SEBASTIAN DCROZ CANCINO 31-05-2025 BASAL.doc
2025-11-08 11:08:46,356 $$ INFO $$ Procesando archivo válido: /home/rom/prj/obsino-clisueno/test_files/doc/template ABELARDO DURAN GIL TEMPLATE.doc
2025-11-08 11:08:46,358 $$ INFO $$ Procesando examen de BASAL
2025-11-08 11:08:46,358 $$ INFO $$ ** INICIO ** Procesando archivo BASAL válido: /home/rom/prj/obsino-clisueno/test_files/doc/template ABELARDO DURAN GIL TEMPLATE.doc
2025-11-08 11:08:46,358 $$ INFO $$ Procesando examen BASAL (DOC)
2025-11-08 11:08:46,359 $$ WARNING $$ edad_meses: N/A
2025-11-08 11:08:46,359 $$ WARNING $$ edad_dias: N/A
2025-11-08 11:08:46,360 $$ INFO $$ ** FIN ** Procesamiento BASAL → unificado_basal.csv para /home/rom/prj/obsino-clisueno/test_files/doc/template ABELARDO DURAN GIL TEMPLATE.doc
2025-11-08 11:08:46,360 $$ INFO $$ Procesando archivo válido: /home/rom/prj/obsino-clisueno/test_files/doc/ARCE CERPA .TONYS .12-11-2024 CPAP.doc
2025-11-08 11:08:46,362 $$ INFO $$ Procesando examen de CPAP
2025-11-08 11:08:46,362 $$ INFO $$ ** INICIO ** Procesando archivo CPAP válido: /home/rom/prj/obsino-clisueno/test_files/doc/ARCE CERPA .TONYS .12-11-2024 CPAP.doc
2025-11-08 11:08:46,362 $$ INFO $$ Procesando examen xpap (DOC)
2025-11-08 11:08:46,362 $$ WARNING $$ edad_meses: N/A
2025-11-08 11:08:46,362 $$ WARNING $$ edad_dias: N/A
2025-11-08 11:08:46,363 $$ WARNING $$ epworth: N/A
2025-11-08 11:08:46,364 $$ INFO $$ ** FIN ** Procesamiento CPAP → unificado_xpap.csv para /home/rom/prj/obsino-clisueno/test_files/doc/ARCE CERPA .TONYS .12-11-2024 CPAP.doc
2025-11-08 11:08:46,364 $$ INFO $$ Procesando archivo válido: /home/rom/prj/obsino-clisueno/test_files/doc/ALEXANDER.LOZADA ALVAREZ .13-02-2025 BPAP.doc
2025-11-08 11:08:46,367 $$ INFO $$ Procesando examen de BPAP
2025-11-08 11:08:46,367 $$ INFO $$ ** INICIO ** Procesando archivo BPAP válido: /home/rom/prj/obsino-clisueno/test_files/doc/ALEXANDER.LOZADA ALVAREZ .13-02-2025 BPAP.doc
2025-11-08 11:08:46,367 $$ INFO $$ Procesando examen xpap (DOC)
2025-11-08 11:08:46,367 $$ WARNING $$ edad_meses: N/A
2025-11-08 11:08:46,367 $$ WARNING $$ edad_dias: N/A
2025-11-08 11:08:46,367 $$ WARNING $$ epworth: N/A
2025-11-08 11:08:46,368 $$ INFO $$ ** FIN ** Procesamiento BPAP → unificado_xpap.csv para /home/rom/prj/obsino-clisueno/test_files/doc/ALEXANDER.LOZADA ALVAREZ .13-02-2025 BPAP.doc
2025-11-08 11:08:46,368 $$ INFO $$ Procesando archivo válido: /home/rom/prj/obsino-clisueno/test_files/doc/ALVARO JAVIER CASTILLA MOZO..04-09-2025 CPAP - BPAP.doc
2025-11-08 11:08:46,371 $$ INFO $$ Procesando examen de BPAP
2025-11-08 11:08:46,371 $$ INFO $$ ** INICIO ** Procesando archivo BPAP válido: /home/rom/prj/obsino-clisueno/test_files/doc/ALVARO JAVIER CASTILLA MOZO..04-09-2025 CPAP - BPAP.doc
2025-11-08 11:08:46,371 $$ INFO $$ Procesando examen xpap (DOC)
2025-11-08 11:08:46,371 $$ WARNING $$ edad_meses: N/A
2025-11-08 11:08:46,371 $$ WARNING $$ edad_dias: N/A
2025-11-08 11:08:46,372 $$ WARNING $$ epworth: N/A
2025-11-08 11:08:46,373 $$ INFO $$ ** FIN ** Procesamiento BPAP → unificado_xpap.csv para /home/rom/prj/obsino-clisueno/test_files/doc/ALVARO JAVIER CASTILLA MOZO..04-09-2025 CPAP - BPAP.doc
2025-11-08 11:08:46,373 $$ INFO $$ Procesando archivo válido: /home/rom/prj/obsino-clisueno/test_files/doc/ANA SIXTA.JEREZ VDA DE ANAYA-25-04-2025 - BPAP+ CAPNO.doc
2025-11-08 11:08:46,375 $$ INFO $$ Procesando examen de BPAP
2025-11-08 11:08:46,375 $$ INFO $$ ** INICIO ** Procesando archivo BPAP válido: /home/rom/prj/obsino-clisueno/test_files/doc/ANA SIXTA.JEREZ VDA DE ANAYA-25-04-2025 - BPAP+ CAPNO.doc
2025-11-08 11:08:46,375 $$ INFO $$ Procesando examen xpap (DOC)
2025-11-08 11:08:46,375 $$ WARNING $$ edad_meses: N/A
2025-11-08 11:08:46,375 $$ WARNING $$ edad_dias: N/A
2025-11-08 11:08:46,376 $$ WARNING $$ epworth: N/A
2025-11-08 11:08:46,377 $$ INFO $$ ** FIN ** Procesamiento BPAP → unificado_xpap.csv para /home/rom/prj/obsino-clisueno/test_files/doc/ANA SIXTA.JEREZ VDA DE ANAYA-25-04-2025 - BPAP+ CAPNO.doc
2025-11-08 11:08:46,377 $$ INFO $$ Omitido tipo no implementado: CAPNOGRAFIA
2025-11-08 11:08:46,377 $$ INFO $$ Procesando archivo válido: /home/rom/prj/obsino-clisueno/test_files/doc/ADRIANA LUCIA .PIMIENTO MORENO.01-04-2025 CPAP.doc
2025-11-08 11:08:46,379 $$ INFO $$ Procesando examen de CPAP
2025-11-08 11:08:46,379 $$ INFO $$ ** INICIO ** Procesando archivo CPAP válido: /home/rom/prj/obsino-clisueno/test_files/doc/ADRIANA LUCIA .PIMIENTO MORENO.01-04-2025 CPAP.doc
2025-11-08 11:08:46,379 $$ INFO $$ Procesando examen xpap (DOC)
2025-11-08 11:08:46,379 $$ WARNING $$ edad_meses: N/A
2025-11-08 11:08:46,379 $$ WARNING $$ edad_dias: N/A
2025-11-08 11:08:46,380 $$ WARNING $$ epworth: N/A
2025-11-08 11:08:46,381 $$ INFO $$ ** FIN ** Procesamiento CPAP → unificado_xpap.csv para /home/rom/prj/obsino-clisueno/test_files/doc/ADRIANA LUCIA .PIMIENTO MORENO.01-04-2025 CPAP.doc
2025-11-08 11:08:46,381 $$ INFO $$ Procesando archivo válido: /home/rom/prj/obsino-clisueno/test_files/doc/TEMPLATE BASAL.doc
2025-11-08 11:08:46,383 $$ INFO $$ Procesando examen de BASAL
2025-11-08 11:08:46,383 $$ INFO $$ ** INICIO ** Procesando archivo BASAL válido: /home/rom/prj/obsino-clisueno/test_files/doc/TEMPLATE BASAL.doc
2025-11-08 11:08:46,383 $$ INFO $$ Procesando examen BASAL (DOC)
2025-11-08 11:08:46,384 $$ WARNING $$ edad_anos: N/A
2025-11-08 11:08:46,384 $$ WARNING $$ edad_meses: N/A
2025-11-08 11:08:46,384 $$ WARNING $$ edad_dias: N/A
2025-11-08 11:08:46,384 $$ WARNING $$ id: N/A
2025-11-08 11:08:46,384 $$ WARNING $$ peso: N/A
2025-11-08 11:08:46,384 $$ WARNING $$ medida_peso: N/A
2025-11-08 11:08:46,384 $$ WARNING $$ talla: N/A
2025-11-08 11:08:46,384 $$ WARNING $$ medida_talla: N/A
2025-11-08 11:08:46,384 $$ WARNING $$ imc: N/A
2025-11-08 11:08:46,384 $$ WARNING $$ cuello: N/A
2025-11-08 11:08:46,384 $$ WARNING $$ medida_cuello: N/A
2025-11-08 11:08:46,384 $$ WARNING $$ perimetro_abdominal: N/A
2025-11-08 11:08:46,384 $$ WARNING $$ medida_perimetro_abdominal: N/A
2025-11-08 11:08:46,384 $$ WARNING $$ solicita: N/A
2025-11-08 11:08:46,384 $$ WARNING $$ empresa: N/A
2025-11-08 11:08:46,384 $$ WARNING $$ fecha_estudio: N/A
2025-11-08 11:08:46,384 $$ WARNING $$ epworth: N/A
2025-11-08 11:08:46,384 $$ WARNING $$ tiempo_en_cama: N/A
2025-11-08 11:08:46,384 $$ WARNING $$ tiempo_sueno: N/A
2025-11-08 11:08:46,384 $$ WARNING $$ eficiencia_sueno: N/A
2025-11-08 11:08:46,384 $$ WARNING $$ latencia_sueno_total: N/A
2025-11-08 11:08:46,384 $$ WARNING $$ latencia_sueno_rem: N/A
2025-11-08 11:08:46,384 $$ WARNING $$ indice_microalertamientos: N/A
2025-11-08 11:08:46,384 $$ WARNING $$ porcentaje_sueno_rem: N/A
2025-11-08 11:08:46,384 $$ WARNING $$ porcentaje_sueno_profundo: N/A
2025-11-08 11:08:46,384 $$ WARNING $$ iac: N/A
2025-11-08 11:08:46,384 $$ WARNING $$ iao: N/A
2025-11-08 11:08:46,384 $$ WARNING $$ iam: N/A
2025-11-08 11:08:46,384 $$ WARNING $$ ih: N/A
2025-11-08 11:08:46,384 $$ WARNING $$ iah: N/A
2025-11-08 11:08:46,384 $$ WARNING $$ indice_desat_rem: N/A
2025-11-08 11:08:46,385 $$ WARNING $$ indice_desat_nrem: N/A
2025-11-08 11:08:46,385 $$ WARNING $$ indice_desat_total: N/A
2025-11-08 11:08:46,385 $$ WARNING $$ tiempo_desat_90_rem: N/A
2025-11-08 11:08:46,385 $$ WARNING $$ tiempo_desat_90_nrem: N/A
2025-11-08 11:08:46,385 $$ WARNING $$ tiempo_desat_80_rem: N/A
2025-11-08 11:08:46,385 $$ WARNING $$ tiempo_desat_80_nrem: N/A
2025-11-08 11:08:46,385 $$ WARNING $$ tiempo_desat_70_rem: N/A
2025-11-08 11:08:46,385 $$ WARNING $$ tiempo_desat_70_nrem: N/A
2025-11-08 11:08:46,385 $$ WARNING $$ numero_eventos_ah: N/A
2025-11-08 11:08:46,385 $$ INFO $$ ** FIN ** Procesamiento BASAL → unificado_basal.csv para /home/rom/prj/obsino-clisueno/test_files/doc/TEMPLATE BASAL.doc
2025-11-08 11:08:46,385 $$ INFO $$ Procesando archivo válido: /home/rom/prj/obsino-clisueno/test_files/doc/FRANCISCO  MONTOYA FLOREZ-15-09-2025-BASAL+OXÍGENO.doc
2025-11-08 11:08:46,385 $$ INFO $$ Archivo excluido por patrón OXIGENO en filename: FRANCISCO  MONTOYA FLOREZ-15-09-2025-BASAL+OXÍGENO.doc
2025-11-08 11:08:46,385 $$ INFO $$ Procesando archivo válido: /home/rom/prj/obsino-clisueno/test_files/doc/ALEJANDRO DOLORES SANTIAGO AREVALO 20-12-2024 CPAP.doc
2025-11-08 11:08:46,390 $$ INFO $$ Procesando examen de CPAP
2025-11-08 11:08:46,390 $$ INFO $$ ** INICIO ** Procesando archivo CPAP válido: /home/rom/prj/obsino-clisueno/test_files/doc/ALEJANDRO DOLORES SANTIAGO AREVALO 20-12-2024 CPAP.doc
2025-11-08 11:08:46,390 $$ INFO $$ Procesando examen xpap (DOC)
2025-11-08 11:08:46,390 $$ WARNING $$ edad_meses: N/A
2025-11-08 11:08:46,390 $$ WARNING $$ edad_dias: N/A
2025-11-08 11:08:46,391 $$ WARNING $$ epworth: N/A
2025-11-08 11:08:46,392 $$ INFO $$ ** FIN ** Procesamiento CPAP → unificado_xpap.csv para /home/rom/prj/obsino-clisueno/test_files/doc/ALEJANDRO DOLORES SANTIAGO AREVALO 20-12-2024 CPAP.doc
2025-11-08 11:08:46,392 $$ INFO $$ Procesando archivo válido: /home/rom/prj/obsino-clisueno/test_files/doc/TEMPLATE CPAP.doc
2025-11-08 11:08:46,395 $$ INFO $$ Procesando examen de CPAP
2025-11-08 11:08:46,395 $$ INFO $$ ** INICIO ** Procesando archivo CPAP válido: /home/rom/prj/obsino-clisueno/test_files/doc/TEMPLATE CPAP.doc
2025-11-08 11:08:46,395 $$ INFO $$ Procesando examen xpap (DOC)
2025-11-08 11:08:46,395 $$ WARNING $$ edad_anos: N/A
2025-11-08 11:08:46,395 $$ WARNING $$ edad_dias: N/A
2025-11-08 11:08:46,396 $$ WARNING $$ epworth: N/A
2025-11-08 11:08:46,397 $$ INFO $$ ** FIN ** Procesamiento CPAP → unificado_xpap.csv para /home/rom/prj/obsino-clisueno/test_files/doc/TEMPLATE CPAP.doc
2025-11-08 11:08:46,397 $$ INFO $$ Procesando archivo válido: /home/rom/prj/obsino-clisueno/test_files/doc/ADELA  RODRIGUEZ MOGOLLON-13-07-2024-BASAL.doc
2025-11-08 11:08:46,399 $$ INFO $$ Procesando examen de BASAL
2025-11-08 11:08:46,400 $$ INFO $$ ** INICIO ** Procesando archivo BASAL válido: /home/rom/prj/obsino-clisueno/test_files/doc/ADELA  RODRIGUEZ MOGOLLON-13-07-2024-BASAL.doc
2025-11-08 11:08:46,400 $$ INFO $$ Procesando examen BASAL (DOC)
2025-11-08 11:08:46,400 $$ WARNING $$ edad_meses: N/A
2025-11-08 11:08:46,400 $$ WARNING $$ edad_dias: N/A
2025-11-08 11:08:46,401 $$ INFO $$ ** FIN ** Procesamiento BASAL → unificado_basal.csv para /home/rom/prj/obsino-clisueno/test_files/doc/ADELA  RODRIGUEZ MOGOLLON-13-07-2024-BASAL.doc
2025-11-08 11:08:46,401 $$ INFO $$ Procesando archivo válido: /home/rom/prj/obsino-clisueno/test_files/doc/GLORIA ARENALES ISABEL ROJAS 14-07-2025 BASAL.doc
2025-11-08 11:08:46,404 $$ INFO $$ Procesando examen de BASAL
2025-11-08 11:08:46,404 $$ INFO $$ ** INICIO ** Procesando archivo BASAL válido: /home/rom/prj/obsino-clisueno/test_files/doc/GLORIA ARENALES ISABEL ROJAS 14-07-2025 BASAL.doc
2025-11-08 11:08:46,404 $$ INFO $$ Procesando examen BASAL (DOC)
2025-11-08 11:08:46,404 $$ WARNING $$ edad_meses: N/A
2025-11-08 11:08:46,404 $$ WARNING $$ edad_dias: N/A
2025-11-08 11:08:46,405 $$ INFO $$ ** FIN ** Procesamiento BASAL → unificado_basal.csv para /home/rom/prj/obsino-clisueno/test_files/doc/GLORIA ARENALES ISABEL ROJAS 14-07-2025 BASAL.doc
2025-11-08 11:08:46,405 $$ INFO $$ Procesando archivo válido: /home/rom/prj/obsino-clisueno/test_files/doc/CRISTINA MAY  MOLINA PINEDA 15-11-2023 BASAL.doc
2025-11-08 11:08:46,408 $$ INFO $$ Procesando examen de BASAL
2025-11-08 11:08:46,408 $$ INFO $$ ** INICIO ** Procesando archivo BASAL válido: /home/rom/prj/obsino-clisueno/test_files/doc/CRISTINA MAY  MOLINA PINEDA 15-11-2023 BASAL.doc
2025-11-08 11:08:46,408 $$ INFO $$ Procesando examen BASAL (DOC)
2025-11-08 11:08:46,408 $$ WARNING $$ edad_meses: N/A
2025-11-08 11:08:46,408 $$ WARNING $$ edad_dias: N/A
2025-11-08 11:08:46,409 $$ INFO $$ ** FIN ** Procesamiento BASAL → unificado_basal.csv para /home/rom/prj/obsino-clisueno/test_files/doc/CRISTINA MAY  MOLINA PINEDA 15-11-2023 BASAL.doc
2025-11-08 11:08:46,409 $$ INFO $$ Procesando archivo válido: /home/rom/prj/obsino-clisueno/test_files/doc/MARIA DEL ROSARIO CASTRO CIRO 28-07-2023 CPAP.doc
2025-11-08 11:08:46,411 $$ INFO $$ Procesando examen de CPAP
2025-11-08 11:08:46,411 $$ INFO $$ ** INICIO ** Procesando archivo CPAP válido: /home/rom/prj/obsino-clisueno/test_files/doc/MARIA DEL ROSARIO CASTRO CIRO 28-07-2023 CPAP.doc
2025-11-08 11:08:46,411 $$ INFO $$ Procesando examen xpap (DOC)
2025-11-08 11:08:46,411 $$ WARNING $$ edad_meses: N/A
2025-11-08 11:08:46,411 $$ WARNING $$ edad_dias: N/A
2025-11-08 11:08:46,412 $$ WARNING $$ epworth: N/A
2025-11-08 11:08:46,412 $$ WARNING $$ latencia_sueno_rem: N/A
2025-11-08 11:08:46,412 $$ WARNING $$ indice_desat_total: N/A
2025-11-08 11:08:46,413 $$ INFO $$ ** FIN ** Procesamiento CPAP → unificado_xpap.csv para /home/rom/prj/obsino-clisueno/test_files/doc/MARIA DEL ROSARIO CASTRO CIRO 28-07-2023 CPAP.doc
2025-11-08 11:08:46,423 $$ INFO $$ Reporte escrito: /home/rom/prj/obsino-clisueno/output/reporte_analisis_2025-11-08_11-08-46.md
2025-11-08 11:08:46,424 $$ INFO $$ Unificado generado: /home/rom/prj/obsino-clisueno/output/reporte_analisis_2025-11-08_11-08-46.md
2025-11-08 11:08:46,424 $$ INFO $$ Fin del proceso para el directorio: /home/rom/prj/obsino-clisueno/test_files
