2025-11-08 15:25:19,575 $$ INFO $$ Inicio del proceso para el directorio $$ /home/rom/prj/obsino-clisueno/test_files
2025-11-08 15:25:19,583 $$ INFO $$ Procesando archivo válido: /home/rom/prj/obsino-clisueno/test_files/docx/ANA PEREZ RINCON 18-11-2024 BPAP..docx
2025-11-08 15:25:19,662 $$ INFO $$ Procesando examen de BPAP
2025-11-08 15:25:19,662 $$ INFO $$ ** INICIO ** Procesando archivo BPAP válido: /home/rom/prj/obsino-clisueno/test_files/docx/ANA PEREZ RINCON 18-11-2024 BPAP..docx
2025-11-08 15:25:19,662 $$ INFO $$ Procesando examen xpap (DOCX)
2025-11-08 15:25:19,662 $$ WARNING $$ edad_meses: N/A
2025-11-08 15:25:19,663 $$ WARNING $$ edad_dias: N/A
2025-11-08 15:25:19,666 $$ WARNING $$ epworth: N/A
2025-11-08 15:25:19,670 $$ INFO $$ ** FIN ** Procesamiento BPAP → unificado_xpap.csv para /home/rom/prj/obsino-clisueno/test_files/docx/ANA PEREZ RINCON 18-11-2024 BPAP..docx
2025-11-08 15:25:19,670 $$ INFO $$ Procesando archivo válido: /home/rom/prj/obsino-clisueno/test_files/docx/JAIRO ROJAS GARCIA 2-11-2024 BPAP.docx
2025-11-08 15:25:19,718 $$ INFO $$ Procesando examen de BPAP
2025-11-08 15:25:19,718 $$ INFO $$ ** INICIO ** Procesando archivo BPAP válido: /home/rom/prj/obsino-clisueno/test_files/docx/JAIRO ROJAS GARCIA 2-11-2024 BPAP.docx
2025-11-08 15:25:19,718 $$ INFO $$ Procesando examen xpap (DOCX)
2025-11-08 15:25:19,719 $$ WARNING $$ edad_meses: N/A
2025-11-08 15:25:19,719 $$ WARNING $$ edad_dias: N/A
2025-11-08 15:25:19,719 $$ WARNING $$ epworth: N/A
2025-11-08 15:25:19,720 $$ INFO $$ ** FIN ** Procesamiento BPAP → unificado_xpap.csv para /home/rom/prj/obsino-clisueno/test_files/docx/JAIRO ROJAS GARCIA 2-11-2024 BPAP.docx
2025-11-08 15:25:19,722 $$ INFO $$ Procesando archivo válido: /home/rom/prj/obsino-clisueno/test_files/docx/EDILMA PADILLA NIÑO 10-12-2024 BPAP.docx
2025-11-08 15:25:19,802 $$ INFO $$ Procesando examen de BPAP
2025-11-08 15:25:19,802 $$ INFO $$ ** INICIO ** Procesando archivo BPAP válido: /home/rom/prj/obsino-clisueno/test_files/docx/EDILMA PADILLA NIÑO 10-12-2024 BPAP.docx
2025-11-08 15:25:19,802 $$ INFO $$ Procesando examen xpap (DOCX)
2025-11-08 15:25:19,802 $$ WARNING $$ edad_meses: N/A
2025-11-08 15:25:19,802 $$ WARNING $$ edad_dias: N/A
2025-11-08 15:25:19,802 $$ WARNING $$ epworth: N/A
2025-11-08 15:25:19,803 $$ INFO $$ ** FIN ** Procesamiento BPAP → unificado_xpap.csv para /home/rom/prj/obsino-clisueno/test_files/docx/EDILMA PADILLA NIÑO 10-12-2024 BPAP.docx
2025-11-08 15:25:19,803 $$ INFO $$ Procesando archivo válido: /home/rom/prj/obsino-clisueno/test_files/docx/TEMPLATE_BPAP.docx
2025-11-08 15:25:19,872 $$ INFO $$ Procesando examen de BPAP
2025-11-08 15:25:19,872 $$ INFO $$ ** INICIO ** Procesando archivo BPAP válido: /home/rom/prj/obsino-clisueno/test_files/docx/TEMPLATE_BPAP.docx
2025-11-08 15:25:19,872 $$ INFO $$ Procesando examen xpap (DOCX)
2025-11-08 15:25:19,872 $$ WARNING $$ edad_meses: N/A
2025-11-08 15:25:19,873 $$ WARNING $$ edad_dias: N/A
2025-11-08 15:25:19,873 $$ WARNING $$ epworth: N/A
2025-11-08 15:25:19,874 $$ INFO $$ ** FIN ** Procesamiento BPAP → unificado_xpap.csv para /home/rom/prj/obsino-clisueno/test_files/docx/TEMPLATE_BPAP.docx
2025-11-08 15:25:19,874 $$ INFO $$ Procesando archivo válido: /home/rom/prj/obsino-clisueno/test_files/docx/ELKIN SALOMON BARRIOS GAMBOA 15-4-2025 CPAP.docx
2025-11-08 15:25:19,915 $$ INFO $$ Procesando examen de CPAP
2025-11-08 15:25:19,916 $$ INFO $$ ** INICIO ** Procesando archivo CPAP válido: /home/rom/prj/obsino-clisueno/test_files/docx/ELKIN SALOMON BARRIOS GAMBOA 15-4-2025 CPAP.docx
2025-11-08 15:25:19,916 $$ INFO $$ Procesando examen xpap (DOCX)
2025-11-08 15:25:19,916 $$ WARNING $$ edad_meses: N/A
2025-11-08 15:25:19,916 $$ WARNING $$ edad_dias: N/A
2025-11-08 15:25:19,916 $$ WARNING $$ epworth: N/A
2025-11-08 15:25:19,917 $$ INFO $$ ** FIN ** Procesamiento CPAP → unificado_xpap.csv para /home/rom/prj/obsino-clisueno/test_files/docx/ELKIN SALOMON BARRIOS GAMBOA 15-4-2025 CPAP.docx
2025-11-08 15:25:19,917 $$ INFO $$ Procesando archivo válido: /home/rom/prj/obsino-clisueno/test_files/docx/MARCOS MUÑOZ JIMENEZ 8-6-2025 BPAP.docx
2025-11-08 15:25:19,994 $$ INFO $$ Procesando examen de CPAP
2025-11-08 15:25:19,994 $$ INFO $$ ** INICIO ** Procesando archivo CPAP válido: /home/rom/prj/obsino-clisueno/test_files/docx/MARCOS MUÑOZ JIMENEZ 8-6-2025 BPAP.docx
2025-11-08 15:25:19,994 $$ INFO $$ Procesando examen xpap (DOCX)
2025-11-08 15:25:19,994 $$ WARNING $$ edad_meses: N/A
2025-11-08 15:25:19,995 $$ WARNING $$ edad_dias: N/A
2025-11-08 15:25:19,995 $$ WARNING $$ epworth: N/A
2025-11-08 15:25:19,996 $$ INFO $$ ** FIN ** Procesamiento CPAP → unificado_xpap.csv para /home/rom/prj/obsino-clisueno/test_files/docx/MARCOS MUÑOZ JIMENEZ 8-6-2025 BPAP.docx
2025-11-08 15:25:19,996 $$ INFO $$ Procesando archivo válido: /home/rom/prj/obsino-clisueno/test_files/docx/OTILIA ORDUÑAS DE CALDERON 19-09-2023 CPAP.2^.^.^.docx
2025-11-08 15:25:20,063 $$ INFO $$ Procesando examen de CPAP
2025-11-08 15:25:20,063 $$ INFO $$ ** INICIO ** Procesando archivo CPAP válido: /home/rom/prj/obsino-clisueno/test_files/docx/OTILIA ORDUÑAS DE CALDERON 19-09-2023 CPAP.2^.^.^.docx
2025-11-08 15:25:20,063 $$ INFO $$ Procesando examen xpap (DOCX)
2025-11-08 15:25:20,063 $$ WARNING $$ edad_meses: N/A
2025-11-08 15:25:20,063 $$ WARNING $$ edad_dias: N/A
2025-11-08 15:25:20,064 $$ WARNING $$ epworth: N/A
2025-11-08 15:25:20,065 $$ WARNING $$ presion_terapeutica: N/A
2025-11-08 15:25:20,065 $$ INFO $$ ** FIN ** Procesamiento CPAP → unificado_xpap.csv para /home/rom/prj/obsino-clisueno/test_files/docx/OTILIA ORDUÑAS DE CALDERON 19-09-2023 CPAP.2^.^.^.docx
2025-11-08 15:25:20,065 $$ INFO $$ Procesando archivo válido: /home/rom/prj/obsino-clisueno/test_files/docx/VIRGILIO MARTINEZ PEÑA 20-11-2024 CPAP.docx
2025-11-08 15:25:20,110 $$ INFO $$ Procesando examen de CPAP
2025-11-08 15:25:20,111 $$ INFO $$ ** INICIO ** Procesando archivo CPAP válido: /home/rom/prj/obsino-clisueno/test_files/docx/VIRGILIO MARTINEZ PEÑA 20-11-2024 CPAP.docx
2025-11-08 15:25:20,111 $$ INFO $$ Procesando examen xpap (DOCX)
2025-11-08 15:25:20,111 $$ WARNING $$ edad_meses: N/A
2025-11-08 15:25:20,111 $$ WARNING $$ edad_dias: N/A
2025-11-08 15:25:20,111 $$ WARNING $$ epworth: N/A
2025-11-08 15:25:20,112 $$ INFO $$ ** FIN ** Procesamiento CPAP → unificado_xpap.csv para /home/rom/prj/obsino-clisueno/test_files/docx/VIRGILIO MARTINEZ PEÑA 20-11-2024 CPAP.docx
2025-11-08 15:25:20,112 $$ INFO $$ Procesando archivo válido: /home/rom/prj/obsino-clisueno/test_files/docx/WILSON ROJAS PORTILLA 2-10-2024 CPAP.docx
2025-11-08 15:25:20,181 $$ INFO $$ Procesando examen de CPAP
2025-11-08 15:25:20,181 $$ INFO $$ ** INICIO ** Procesando archivo CPAP válido: /home/rom/prj/obsino-clisueno/test_files/docx/WILSON ROJAS PORTILLA 2-10-2024 CPAP.docx
2025-11-08 15:25:20,181 $$ INFO $$ Procesando examen xpap (DOCX)
2025-11-08 15:25:20,181 $$ WARNING $$ edad_meses: N/A
2025-11-08 15:25:20,181 $$ WARNING $$ edad_dias: N/A
2025-11-08 15:25:20,182 $$ WARNING $$ epworth: N/A
2025-11-08 15:25:20,182 $$ INFO $$ ** FIN ** Procesamiento CPAP → unificado_xpap.csv para /home/rom/prj/obsino-clisueno/test_files/docx/WILSON ROJAS PORTILLA 2-10-2024 CPAP.docx
2025-11-08 15:25:20,183 $$ INFO $$ Procesando archivo válido: /home/rom/prj/obsino-clisueno/test_files/docx/PEDRO GALVIZ OJEDA 08-07-2023 CPAP.docx
2025-11-08 15:25:20,239 $$ INFO $$ Procesando examen de CPAP
2025-11-08 15:25:20,240 $$ INFO $$ ** INICIO ** Procesando archivo CPAP válido: /home/rom/prj/obsino-clisueno/test_files/docx/PEDRO GALVIZ OJEDA 08-07-2023 CPAP.docx
2025-11-08 15:25:20,240 $$ INFO $$ Procesando examen xpap (DOCX)
2025-11-08 15:25:20,240 $$ WARNING $$ edad_meses: N/A
2025-11-08 15:25:20,240 $$ WARNING $$ edad_dias: N/A
2025-11-08 15:25:20,240 $$ WARNING $$ cuello: N/A
2025-11-08 15:25:20,240 $$ WARNING $$ medida_cuello: N/A
2025-11-08 15:25:20,240 $$ WARNING $$ epworth: N/A
2025-11-08 15:25:20,241 $$ INFO $$ ** FIN ** Procesamiento CPAP → unificado_xpap.csv para /home/rom/prj/obsino-clisueno/test_files/docx/PEDRO GALVIZ OJEDA 08-07-2023 CPAP.docx
2025-11-08 15:25:20,252 $$ INFO $$ Procesando archivo válido: /home/rom/prj/obsino-clisueno/test_files/docx/TEMPLATE_CPAP.docx
2025-11-08 15:25:20,299 $$ INFO $$ Procesando examen de CPAP
2025-11-08 15:25:20,300 $$ INFO $$ ** INICIO ** Procesando archivo CPAP válido: /home/rom/prj/obsino-clisueno/test_files/docx/TEMPLATE_CPAP.docx
2025-11-08 15:25:20,300 $$ INFO $$ Procesando examen xpap (DOCX)
2025-11-08 15:25:20,300 $$ WARNING $$ edad_anos: N/A
2025-11-08 15:25:20,300 $$ WARNING $$ edad_dias: N/A
2025-11-08 15:25:20,300 $$ WARNING $$ epworth: N/A
2025-11-08 15:25:20,301 $$ INFO $$ ** FIN ** Procesamiento CPAP → unificado_xpap.csv para /home/rom/prj/obsino-clisueno/test_files/docx/TEMPLATE_CPAP.docx
2025-11-08 15:25:20,301 $$ INFO $$ Procesando archivo válido: /home/rom/prj/obsino-clisueno/test_files/rtf/TEMPLATE_BPAP.rtf
2025-11-08 15:25:20,465 $$ INFO $$ Procesando examen de BPAP
2025-11-08 15:25:20,466 $$ INFO $$ ** INICIO ** Procesando archivo BPAP válido: /home/rom/prj/obsino-clisueno/test_files/rtf/TEMPLATE_BPAP.rtf
2025-11-08 15:25:20,466 $$ INFO $$ Procesando examen xpap (RTF)
2025-11-08 15:25:20,466 $$ WARNING $$ edad_meses: N/A
2025-11-08 15:25:20,466 $$ WARNING $$ edad_dias: N/A
2025-11-08 15:25:20,468 $$ WARNING $$ epworth: N/A
2025-11-08 15:25:20,471 $$ INFO $$ ** FIN ** Procesamiento BPAP → unificado_xpap.csv para /home/rom/prj/obsino-clisueno/test_files/rtf/TEMPLATE_BPAP.rtf
2025-11-08 15:25:20,472 $$ INFO $$ Procesando archivo válido: /home/rom/prj/obsino-clisueno/test_files/rtf/SONIA GUTIERREZ VARGAS 02-09-2023 BASAL.rtf
2025-11-08 15:25:20,741 $$ INFO $$ Procesando examen de BASAL
2025-11-08 15:25:20,742 $$ INFO $$ ** INICIO ** Procesando archivo BASAL válido: /home/rom/prj/obsino-clisueno/test_files/rtf/SONIA GUTIERREZ VARGAS 02-09-2023 BASAL.rtf
2025-11-08 15:25:20,742 $$ INFO $$ Procesando examen Basal (RTF)
2025-11-08 15:25:20,742 $$ WARNING $$ edad_meses: N/A
2025-11-08 15:25:20,742 $$ WARNING $$ edad_dias: N/A
2025-11-08 15:25:20,743 $$ INFO $$ ** FIN ** Procesamiento BASAL → unificado_basal.csv para /home/rom/prj/obsino-clisueno/test_files/rtf/SONIA GUTIERREZ VARGAS 02-09-2023 BASAL.rtf
2025-11-08 15:25:20,743 $$ INFO $$ Procesando archivo válido: /home/rom/prj/obsino-clisueno/test_files/rtf/ZAIREE KARINA GUALDRON HERNANDEZ-13-06-2023- CPAP.rtf
2025-11-08 15:25:21,340 $$ INFO $$ Procesando examen de CPAP
2025-11-08 15:25:21,340 $$ INFO $$ ** INICIO ** Procesando archivo CPAP válido: /home/rom/prj/obsino-clisueno/test_files/rtf/ZAIREE KARINA GUALDRON HERNANDEZ-13-06-2023- CPAP.rtf
2025-11-08 15:25:21,340 $$ INFO $$ Procesando examen xpap (RTF)
2025-11-08 15:25:21,340 $$ WARNING $$ edad_meses: N/A
2025-11-08 15:25:21,340 $$ WARNING $$ edad_dias: N/A
2025-11-08 15:25:21,340 $$ WARNING $$ epworth: N/A
2025-11-08 15:25:21,342 $$ INFO $$ ** FIN ** Procesamiento CPAP → unificado_xpap.csv para /home/rom/prj/obsino-clisueno/test_files/rtf/ZAIREE KARINA GUALDRON HERNANDEZ-13-06-2023- CPAP.rtf
2025-11-08 15:25:21,342 $$ INFO $$ Procesando archivo válido: /home/rom/prj/obsino-clisueno/test_files/rtf/EDICTO ESTUPIÑAN CACERES 11-07-2024 BASAL.RTF
2025-11-08 15:25:22,044 $$ INFO $$ Procesando examen de BASAL
2025-11-08 15:25:22,044 $$ INFO $$ ** INICIO ** Procesando archivo BASAL válido: /home/rom/prj/obsino-clisueno/test_files/rtf/EDICTO ESTUPIÑAN CACERES 11-07-2024 BASAL.RTF
2025-11-08 15:25:22,044 $$ INFO $$ Procesando examen Basal (RTF)
2025-11-08 15:25:22,044 $$ WARNING $$ edad_meses: N/A
2025-11-08 15:25:22,044 $$ WARNING $$ edad_dias: N/A
2025-11-08 15:25:22,045 $$ INFO $$ ** FIN ** Procesamiento BASAL → unificado_basal.csv para /home/rom/prj/obsino-clisueno/test_files/rtf/EDICTO ESTUPIÑAN CACERES 11-07-2024 BASAL.RTF
2025-11-08 15:25:22,045 $$ INFO $$ Procesando archivo válido: /home/rom/prj/obsino-clisueno/test_files/rtf/YOLANDA IVONNEE CASTILLO TORRES 18-07-2024 CPAP.RTF
2025-11-08 15:25:22,836 $$ INFO $$ Procesando examen de CPAP
2025-11-08 15:25:22,836 $$ INFO $$ ** INICIO ** Procesando archivo CPAP válido: /home/rom/prj/obsino-clisueno/test_files/rtf/YOLANDA IVONNEE CASTILLO TORRES 18-07-2024 CPAP.RTF
2025-11-08 15:25:22,836 $$ INFO $$ Procesando examen xpap (RTF)
2025-11-08 15:25:22,836 $$ WARNING $$ edad_meses: N/A
2025-11-08 15:25:22,837 $$ WARNING $$ edad_dias: N/A
2025-11-08 15:25:22,837 $$ WARNING $$ epworth: N/A
2025-11-08 15:25:22,838 $$ INFO $$ ** FIN ** Procesamiento CPAP → unificado_xpap.csv para /home/rom/prj/obsino-clisueno/test_files/rtf/YOLANDA IVONNEE CASTILLO TORRES 18-07-2024 CPAP.RTF
2025-11-08 15:25:22,838 $$ INFO $$ Procesando archivo válido: /home/rom/prj/obsino-clisueno/test_files/rtf/RAMIRO AYALA MUÑOZ 03-04-2023  BASAL + CAPNO.rtf
2025-11-08 15:25:23,116 $$ INFO $$ Procesando examen de BASAL
2025-11-08 15:25:23,117 $$ INFO $$ ** INICIO ** Procesando archivo BASAL válido: /home/rom/prj/obsino-clisueno/test_files/rtf/RAMIRO AYALA MUÑOZ 03-04-2023  BASAL + CAPNO.rtf
2025-11-08 15:25:23,117 $$ INFO $$ Procesando examen Basal (RTF)
2025-11-08 15:25:23,117 $$ WARNING $$ edad_meses: N/A
2025-11-08 15:25:23,117 $$ WARNING $$ edad_dias: N/A
2025-11-08 15:25:23,118 $$ INFO $$ ** FIN ** Procesamiento BASAL → unificado_basal.csv para /home/rom/prj/obsino-clisueno/test_files/rtf/RAMIRO AYALA MUÑOZ 03-04-2023  BASAL + CAPNO.rtf
2025-11-08 15:25:23,118 $$ INFO $$ Omitido tipo no implementado: CAPNOGRAFIA
2025-11-08 15:25:23,118 $$ INFO $$ Procesando archivo válido: /home/rom/prj/obsino-clisueno/test_files/rtf/CONSUELO TOLEDO LEON BASAL 10-02-2025.RTF
2025-11-08 15:25:23,758 $$ INFO $$ Procesando examen de BASAL
2025-11-08 15:25:23,759 $$ INFO $$ ** INICIO ** Procesando archivo BASAL válido: /home/rom/prj/obsino-clisueno/test_files/rtf/CONSUELO TOLEDO LEON BASAL 10-02-2025.RTF
2025-11-08 15:25:23,759 $$ INFO $$ Procesando examen Basal (RTF)
2025-11-08 15:25:23,759 $$ WARNING $$ edad_meses: N/A
2025-11-08 15:25:23,759 $$ WARNING $$ edad_dias: N/A
2025-11-08 15:25:23,761 $$ INFO $$ ** FIN ** Procesamiento BASAL → unificado_basal.csv para /home/rom/prj/obsino-clisueno/test_files/rtf/CONSUELO TOLEDO LEON BASAL 10-02-2025.RTF
2025-11-08 15:25:23,762 $$ INFO $$ Procesando archivo válido: /home/rom/prj/obsino-clisueno/test_files/rtf/ROBINSON GALVIS ARDILA 11-02-2025 BASAL+CAPNO+OXIGENO.rtf
2025-11-08 15:25:23,762 $$ INFO $$ Archivo excluido por patrón OXIGENO en filename: ROBINSON GALVIS ARDILA 11-02-2025 BASAL+CAPNO+OXIGENO.rtf
2025-11-08 15:25:23,762 $$ INFO $$ Procesando archivo válido: /home/rom/prj/obsino-clisueno/test_files/rtf/ROSALBA VALBUENA CONTRERAS 08-04-2023 BASAL.RTF
2025-11-08 15:25:24,358 $$ INFO $$ Procesando examen de BASAL
2025-11-08 15:25:24,358 $$ INFO $$ ** INICIO ** Procesando archivo BASAL válido: /home/rom/prj/obsino-clisueno/test_files/rtf/ROSALBA VALBUENA CONTRERAS 08-04-2023 BASAL.RTF
2025-11-08 15:25:24,358 $$ INFO $$ Procesando examen Basal (RTF)
2025-11-08 15:25:24,358 $$ WARNING $$ edad_meses: N/A
2025-11-08 15:25:24,358 $$ WARNING $$ edad_dias: N/A
2025-11-08 15:25:24,359 $$ INFO $$ ** FIN ** Procesamiento BASAL → unificado_basal.csv para /home/rom/prj/obsino-clisueno/test_files/rtf/ROSALBA VALBUENA CONTRERAS 08-04-2023 BASAL.RTF
2025-11-08 15:25:24,359 $$ INFO $$ Procesando archivo válido: /home/rom/prj/obsino-clisueno/test_files/rtf/JAVIER MARIN URRUTIA 08-04-2025 BIPAP.rtf
2025-11-08 15:25:24,927 $$ INFO $$ Procesando examen de CPAP
2025-11-08 15:25:24,927 $$ INFO $$ ** INICIO ** Procesando archivo CPAP válido: /home/rom/prj/obsino-clisueno/test_files/rtf/JAVIER MARIN URRUTIA 08-04-2025 BIPAP.rtf
2025-11-08 15:25:24,927 $$ INFO $$ Procesando examen xpap (RTF)
2025-11-08 15:25:24,927 $$ WARNING $$ edad_meses: N/A
2025-11-08 15:25:24,927 $$ WARNING $$ edad_dias: N/A
2025-11-08 15:25:24,927 $$ WARNING $$ epworth: N/A
2025-11-08 15:25:24,928 $$ INFO $$ ** FIN ** Procesamiento CPAP → unificado_xpap.csv para /home/rom/prj/obsino-clisueno/test_files/rtf/JAVIER MARIN URRUTIA 08-04-2025 BIPAP.rtf
2025-11-08 15:25:24,929 $$ INFO $$ Procesando archivo válido: /home/rom/prj/obsino-clisueno/test_files/rtf/JUAN CAMILO DUARTE ROA -PSG CAPNO-BASAL marzo 23 2025.rtf
2025-11-08 15:25:25,836 $$ INFO $$ Procesando examen de BASAL
2025-11-08 15:25:25,836 $$ INFO $$ ** INICIO ** Procesando archivo BASAL válido: /home/rom/prj/obsino-clisueno/test_files/rtf/JUAN CAMILO DUARTE ROA -PSG CAPNO-BASAL marzo 23 2025.rtf
2025-11-08 15:25:25,837 $$ INFO $$ Procesando examen Basal (RTF)
2025-11-08 15:25:25,837 $$ WARNING $$ edad_meses: N/A
2025-11-08 15:25:25,837 $$ WARNING $$ edad_dias: N/A
2025-11-08 15:25:25,837 $$ WARNING $$ epworth: N/A
2025-11-08 15:25:25,838 $$ INFO $$ ** FIN ** Procesamiento BASAL → unificado_basal.csv para /home/rom/prj/obsino-clisueno/test_files/rtf/JUAN CAMILO DUARTE ROA -PSG CAPNO-BASAL marzo 23 2025.rtf
2025-11-08 15:25:25,838 $$ INFO $$ Omitido tipo no implementado: CAPNOGRAFIA
2025-11-08 15:25:25,838 $$ INFO $$ Procesando archivo válido: /home/rom/prj/obsino-clisueno/test_files/rtf/IRMA BELKYS SIERRA VALERO 18-12-2023 BASAL.RTF
2025-11-08 15:25:26,350 $$ INFO $$ Procesando examen de BASAL
2025-11-08 15:25:26,350 $$ INFO $$ ** INICIO ** Procesando archivo BASAL válido: /home/rom/prj/obsino-clisueno/test_files/rtf/IRMA BELKYS SIERRA VALERO 18-12-2023 BASAL.RTF
2025-11-08 15:25:26,350 $$ INFO $$ Procesando examen Basal (RTF)
2025-11-08 15:25:26,350 $$ WARNING $$ edad_meses: N/A
2025-11-08 15:25:26,350 $$ WARNING $$ edad_dias: N/A
2025-11-08 15:25:26,351 $$ INFO $$ ** FIN ** Procesamiento BASAL → unificado_basal.csv para /home/rom/prj/obsino-clisueno/test_files/rtf/IRMA BELKYS SIERRA VALERO 18-12-2023 BASAL.RTF
2025-11-08 15:25:26,352 $$ INFO $$ Procesando archivo válido: /home/rom/prj/obsino-clisueno/test_files/rtf/ALVARO NIÑO GAMBOA 10-04-2025 CPAP.rtf
2025-11-08 15:25:26,577 $$ INFO $$ Procesando examen de CPAP
2025-11-08 15:25:26,577 $$ INFO $$ ** INICIO ** Procesando archivo CPAP válido: /home/rom/prj/obsino-clisueno/test_files/rtf/ALVARO NIÑO GAMBOA 10-04-2025 CPAP.rtf
2025-11-08 15:25:26,577 $$ INFO $$ Procesando examen xpap (RTF)
2025-11-08 15:25:26,577 $$ WARNING $$ edad_meses: N/A
2025-11-08 15:25:26,577 $$ WARNING $$ edad_dias: N/A
2025-11-08 15:25:26,578 $$ WARNING $$ epworth: N/A
2025-11-08 15:25:26,579 $$ INFO $$ ** FIN ** Procesamiento CPAP → unificado_xpap.csv para /home/rom/prj/obsino-clisueno/test_files/rtf/ALVARO NIÑO GAMBOA 10-04-2025 CPAP.rtf
2025-11-08 15:25:26,579 $$ INFO $$ Procesando archivo válido: /home/rom/prj/obsino-clisueno/test_files/rtf/PIEDAD AMAYA PRADA-17-04-2024-BASAL.RTF
2025-11-08 15:25:27,250 $$ INFO $$ Procesando examen de BASAL
2025-11-08 15:25:27,251 $$ INFO $$ ** INICIO ** Procesando archivo BASAL válido: /home/rom/prj/obsino-clisueno/test_files/rtf/PIEDAD AMAYA PRADA-17-04-2024-BASAL.RTF
2025-11-08 15:25:27,251 $$ INFO $$ Procesando examen Basal (RTF)
2025-11-08 15:25:27,251 $$ WARNING $$ edad_meses: N/A
2025-11-08 15:25:27,252 $$ WARNING $$ edad_dias: N/A
2025-11-08 15:25:27,253 $$ INFO $$ ** FIN ** Procesamiento BASAL → unificado_basal.csv para /home/rom/prj/obsino-clisueno/test_files/rtf/PIEDAD AMAYA PRADA-17-04-2024-BASAL.RTF
2025-11-08 15:25:27,253 $$ INFO $$ Procesando archivo válido: /home/rom/prj/obsino-clisueno/test_files/rtf/DORIS AMANDA LAVERDE JIMENEZ-13-07-2024- BASAL.RTF
2025-11-08 15:25:28,072 $$ INFO $$ Procesando examen de BASAL
2025-11-08 15:25:28,072 $$ INFO $$ ** INICIO ** Procesando archivo BASAL válido: /home/rom/prj/obsino-clisueno/test_files/rtf/DORIS AMANDA LAVERDE JIMENEZ-13-07-2024- BASAL.RTF
2025-11-08 15:25:28,072 $$ INFO $$ Procesando examen Basal (RTF)
2025-11-08 15:25:28,072 $$ WARNING $$ edad_meses: N/A
2025-11-08 15:25:28,072 $$ WARNING $$ edad_dias: N/A
2025-11-08 15:25:28,075 $$ INFO $$ ** FIN ** Procesamiento BASAL → unificado_basal.csv para /home/rom/prj/obsino-clisueno/test_files/rtf/DORIS AMANDA LAVERDE JIMENEZ-13-07-2024- BASAL.RTF
2025-11-08 15:25:28,075 $$ INFO $$ Procesando archivo válido: /home/rom/prj/obsino-clisueno/test_files/rtf/ANA VIRGINIA MONTAÑEZ PEÑA 04-10-2024 BASAL.RTF
2025-11-08 15:25:28,664 $$ INFO $$ Procesando examen de BASAL
2025-11-08 15:25:28,664 $$ INFO $$ ** INICIO ** Procesando archivo BASAL válido: /home/rom/prj/obsino-clisueno/test_files/rtf/ANA VIRGINIA MONTAÑEZ PEÑA 04-10-2024 BASAL.RTF
2025-11-08 15:25:28,664 $$ INFO $$ Procesando examen Basal (RTF)
2025-11-08 15:25:28,665 $$ WARNING $$ edad_meses: N/A
2025-11-08 15:25:28,665 $$ WARNING $$ edad_dias: N/A
2025-11-08 15:25:28,665 $$ WARNING $$ fecha_estudio: N/A
2025-11-08 15:25:28,665 $$ WARNING $$ epworth: N/A
2025-11-08 15:25:28,666 $$ INFO $$ ** FIN ** Procesamiento BASAL → unificado_basal.csv para /home/rom/prj/obsino-clisueno/test_files/rtf/ANA VIRGINIA MONTAÑEZ PEÑA 04-10-2024 BASAL.RTF
2025-11-08 15:25:28,666 $$ INFO $$ Procesando archivo válido: /home/rom/prj/obsino-clisueno/test_files/rtf/YUDITH TATIANA GOMEZ CHIVATA 14-11-2023 CPAP.rtf
2025-11-08 15:25:28,835 $$ INFO $$ Procesando examen de CPAP
2025-11-08 15:25:28,835 $$ INFO $$ ** INICIO ** Procesando archivo CPAP válido: /home/rom/prj/obsino-clisueno/test_files/rtf/YUDITH TATIANA GOMEZ CHIVATA 14-11-2023 CPAP.rtf
2025-11-08 15:25:28,835 $$ INFO $$ Procesando examen xpap (RTF)
2025-11-08 15:25:28,835 $$ WARNING $$ edad_meses: N/A
2025-11-08 15:25:28,835 $$ WARNING $$ edad_dias: N/A
2025-11-08 15:25:28,835 $$ WARNING $$ epworth: N/A
2025-11-08 15:25:28,836 $$ INFO $$ ** FIN ** Procesamiento CPAP → unificado_xpap.csv para /home/rom/prj/obsino-clisueno/test_files/rtf/YUDITH TATIANA GOMEZ CHIVATA 14-11-2023 CPAP.rtf
2025-11-08 15:25:28,836 $$ INFO $$ Procesando archivo válido: /home/rom/prj/obsino-clisueno/test_files/rtf/TEMPLATE_CPAP.rtf
2025-11-08 15:25:28,994 $$ INFO $$ Procesando examen de CPAP
2025-11-08 15:25:28,994 $$ INFO $$ ** INICIO ** Procesando archivo CPAP válido: /home/rom/prj/obsino-clisueno/test_files/rtf/TEMPLATE_CPAP.rtf
2025-11-08 15:25:28,994 $$ INFO $$ Procesando examen xpap (RTF)
2025-11-08 15:25:28,994 $$ WARNING $$ edad_anos: N/A
2025-11-08 15:25:28,994 $$ WARNING $$ edad_dias: N/A
2025-11-08 15:25:28,994 $$ WARNING $$ epworth: N/A
2025-11-08 15:25:28,995 $$ INFO $$ ** FIN ** Procesamiento CPAP → unificado_xpap.csv para /home/rom/prj/obsino-clisueno/test_files/rtf/TEMPLATE_CPAP.rtf
2025-11-08 15:25:28,996 $$ INFO $$ Procesando archivo válido: /home/rom/prj/obsino-clisueno/test_files/rtf/FRANCISCO RAMON BALLESTEROS ALMAO 20-04-2025 BASAL.RTF
2025-11-08 15:25:29,630 $$ INFO $$ Procesando examen de BASAL
2025-11-08 15:25:29,630 $$ INFO $$ ** INICIO ** Procesando archivo BASAL válido: /home/rom/prj/obsino-clisueno/test_files/rtf/FRANCISCO RAMON BALLESTEROS ALMAO 20-04-2025 BASAL.RTF
2025-11-08 15:25:29,630 $$ INFO $$ Procesando examen Basal (RTF)
2025-11-08 15:25:29,630 $$ WARNING $$ edad_meses: N/A
2025-11-08 15:25:29,630 $$ WARNING $$ edad_dias: N/A
2025-11-08 15:25:29,631 $$ INFO $$ ** FIN ** Procesamiento BASAL → unificado_basal.csv para /home/rom/prj/obsino-clisueno/test_files/rtf/FRANCISCO RAMON BALLESTEROS ALMAO 20-04-2025 BASAL.RTF
2025-11-08 15:25:29,631 $$ INFO $$ Procesando archivo válido: /home/rom/prj/obsino-clisueno/test_files/rtf/AMINTA SERRANO SANTAMARIA-24-04-2025-CPAP.RTF
2025-11-08 15:25:30,128 $$ INFO $$ Procesando examen de CPAP
2025-11-08 15:25:30,129 $$ INFO $$ ** INICIO ** Procesando archivo CPAP válido: /home/rom/prj/obsino-clisueno/test_files/rtf/AMINTA SERRANO SANTAMARIA-24-04-2025-CPAP.RTF
2025-11-08 15:25:30,129 $$ INFO $$ Procesando examen xpap (RTF)
2025-11-08 15:25:30,129 $$ WARNING $$ edad_meses: N/A
2025-11-08 15:25:30,129 $$ WARNING $$ edad_dias: N/A
2025-11-08 15:25:30,129 $$ WARNING $$ epworth: N/A
2025-11-08 15:25:30,130 $$ INFO $$ ** FIN ** Procesamiento CPAP → unificado_xpap.csv para /home/rom/prj/obsino-clisueno/test_files/rtf/AMINTA SERRANO SANTAMARIA-24-04-2025-CPAP.RTF
2025-11-08 15:25:30,130 $$ INFO $$ Procesando archivo válido: /home/rom/prj/obsino-clisueno/test_files/rtf/YORGE ARENAS ANGARITA 14-05-2024 CPAP.rtf
2025-11-08 15:25:30,303 $$ INFO $$ Procesando examen de CPAP
2025-11-08 15:25:30,304 $$ INFO $$ ** INICIO ** Procesando archivo CPAP válido: /home/rom/prj/obsino-clisueno/test_files/rtf/YORGE ARENAS ANGARITA 14-05-2024 CPAP.rtf
2025-11-08 15:25:30,304 $$ INFO $$ Procesando examen xpap (RTF)
2025-11-08 15:25:30,304 $$ WARNING $$ edad_meses: N/A
2025-11-08 15:25:30,304 $$ WARNING $$ edad_dias: N/A
2025-11-08 15:25:30,304 $$ WARNING $$ epworth: N/A
2025-11-08 15:25:30,306 $$ INFO $$ ** FIN ** Procesamiento CPAP → unificado_xpap.csv para /home/rom/prj/obsino-clisueno/test_files/rtf/YORGE ARENAS ANGARITA 14-05-2024 CPAP.rtf
2025-11-08 15:25:30,306 $$ INFO $$ Procesando archivo válido: /home/rom/prj/obsino-clisueno/test_files/rtf/TEMPLATE BASAL.RTF
2025-11-08 15:25:31,039 $$ INFO $$ Procesando examen de BASAL
2025-11-08 15:25:31,040 $$ INFO $$ ** INICIO ** Procesando archivo BASAL válido: /home/rom/prj/obsino-clisueno/test_files/rtf/TEMPLATE BASAL.RTF
2025-11-08 15:25:31,040 $$ INFO $$ Procesando examen Basal (RTF)
2025-11-08 15:25:31,041 $$ INFO $$ ** FIN ** Procesamiento BASAL → unificado_basal.csv para /home/rom/prj/obsino-clisueno/test_files/rtf/TEMPLATE BASAL.RTF
2025-11-08 15:25:31,042 $$ INFO $$ Procesando archivo válido: /home/rom/prj/obsino-clisueno/test_files/rtf/MARIA DEL CARMEN PALOMINO DE CESPEDES 29-08-2025 BASAL+O2.rtf
2025-11-08 15:25:31,042 $$ INFO $$ Archivo excluido por patrón OXIGENO en filename: MARIA DEL CARMEN PALOMINO DE CESPEDES 29-08-2025 BASAL+O2.rtf
2025-11-08 15:25:31,042 $$ INFO $$ Procesando archivo válido: /home/rom/prj/obsino-clisueno/test_files/doc/LEONOR.PINTO CHAPARRO.08-04-2025 BIPAP.doc
2025-11-08 15:25:31,050 $$ INFO $$ Procesando examen de BPAP
2025-11-08 15:25:31,050 $$ INFO $$ ** INICIO ** Procesando archivo BPAP válido: /home/rom/prj/obsino-clisueno/test_files/doc/LEONOR.PINTO CHAPARRO.08-04-2025 BIPAP.doc
2025-11-08 15:25:31,050 $$ INFO $$ Procesando examen xpap (DOC)
2025-11-08 15:25:31,051 $$ WARNING $$ edad_meses: N/A
2025-11-08 15:25:31,051 $$ WARNING $$ edad_dias: N/A
2025-11-08 15:25:31,055 $$ WARNING $$ epworth: N/A
2025-11-08 15:25:31,059 $$ INFO $$ ** FIN ** Procesamiento BPAP → unificado_xpap.csv para /home/rom/prj/obsino-clisueno/test_files/doc/LEONOR.PINTO CHAPARRO.08-04-2025 BIPAP.doc
2025-11-08 15:25:31,059 $$ INFO $$ Procesando archivo válido: /home/rom/prj/obsino-clisueno/test_files/doc/ORLANDO RINCON.27-04-2025 BPAP.doc
2025-11-08 15:25:31,065 $$ INFO $$ Procesando examen de BPAP
2025-11-08 15:25:31,065 $$ INFO $$ ** INICIO ** Procesando archivo BPAP válido: /home/rom/prj/obsino-clisueno/test_files/doc/ORLANDO RINCON.27-04-2025 BPAP.doc
2025-11-08 15:25:31,065 $$ INFO $$ Procesando examen xpap (DOC)
2025-11-08 15:25:31,065 $$ WARNING $$ edad_meses: N/A
2025-11-08 15:25:31,065 $$ WARNING $$ edad_dias: N/A
2025-11-08 15:25:31,065 $$ WARNING $$ epworth: N/A
2025-11-08 15:25:31,066 $$ INFO $$ ** FIN ** Procesamiento BPAP → unificado_xpap.csv para /home/rom/prj/obsino-clisueno/test_files/doc/ORLANDO RINCON.27-04-2025 BPAP.doc
2025-11-08 15:25:31,066 $$ INFO $$ Procesando archivo válido: /home/rom/prj/obsino-clisueno/test_files/doc/TEMPLATE BPAP.doc
2025-11-08 15:25:31,070 $$ INFO $$ Procesando examen de BPAP
2025-11-08 15:25:31,070 $$ INFO $$ ** INICIO ** Procesando archivo BPAP válido: /home/rom/prj/obsino-clisueno/test_files/doc/TEMPLATE BPAP.doc
2025-11-08 15:25:31,070 $$ INFO $$ Procesando examen xpap (DOC)
2025-11-08 15:25:31,070 $$ WARNING $$ edad_meses: N/A
2025-11-08 15:25:31,070 $$ WARNING $$ edad_dias: N/A
2025-11-08 15:25:31,070 $$ WARNING $$ epworth: N/A
2025-11-08 15:25:31,071 $$ INFO $$ ** FIN ** Procesamiento BPAP → unificado_xpap.csv para /home/rom/prj/obsino-clisueno/test_files/doc/TEMPLATE BPAP.doc
2025-11-08 15:25:31,072 $$ INFO $$ Procesando archivo válido: /home/rom/prj/obsino-clisueno/test_files/doc/~$ISTINA MAY  MOLINA PINEDA 15-11-2023 BASAL.doc
2025-11-08 15:25:31,075 $$ INFO $$ Omitido tipo no implementado: DESCONOCIDO
2025-11-08 15:25:31,075 $$ INFO $$ Procesando archivo válido: /home/rom/prj/obsino-clisueno/test_files/doc/.JUAN JOSE.VERGEL DURAN - 09-07-2024 - BASAL.doc
2025-11-08 15:25:31,078 $$ INFO $$ Procesando examen de BASAL
2025-11-08 15:25:31,078 $$ INFO $$ ** INICIO ** Procesando archivo BASAL válido: /home/rom/prj/obsino-clisueno/test_files/doc/.JUAN JOSE.VERGEL DURAN - 09-07-2024 - BASAL.doc
2025-11-08 15:25:31,078 $$ INFO $$ Procesando examen BASAL (DOC)
2025-11-08 15:25:31,078 $$ WARNING $$ edad_meses: N/A
2025-11-08 15:25:31,078 $$ WARNING $$ edad_dias: N/A
2025-11-08 15:25:31,080 $$ INFO $$ ** FIN ** Procesamiento BASAL → unificado_basal.csv para /home/rom/prj/obsino-clisueno/test_files/doc/.JUAN JOSE.VERGEL DURAN - 09-07-2024 - BASAL.doc
2025-11-08 15:25:31,080 $$ INFO $$ Procesando archivo válido: /home/rom/prj/obsino-clisueno/test_files/doc/WILFREDO DEL TORO RODRIGUEZ^.13-06-2023 BASAL.doc
2025-11-08 15:25:31,082 $$ INFO $$ Procesando examen de BASAL
2025-11-08 15:25:31,082 $$ INFO $$ ** INICIO ** Procesando archivo BASAL válido: /home/rom/prj/obsino-clisueno/test_files/doc/WILFREDO DEL TORO RODRIGUEZ^.13-06-2023 BASAL.doc
2025-11-08 15:25:31,082 $$ INFO $$ Procesando examen BASAL (DOC)
2025-11-08 15:25:31,082 $$ WARNING $$ edad_meses: N/A
2025-11-08 15:25:31,082 $$ WARNING $$ edad_dias: N/A
2025-11-08 15:25:31,084 $$ INFO $$ ** FIN ** Procesamiento BASAL → unificado_basal.csv para /home/rom/prj/obsino-clisueno/test_files/doc/WILFREDO DEL TORO RODRIGUEZ^.13-06-2023 BASAL.doc
2025-11-08 15:25:31,084 $$ INFO $$ Procesando archivo válido: /home/rom/prj/obsino-clisueno/test_files/doc/ANYI ZERITH PINEDA MARTINEZ 3-5-2024 CPAP.doc
2025-11-08 15:25:31,087 $$ INFO $$ Procesando examen de CPAP
2025-11-08 15:25:31,087 $$ INFO $$ ** INICIO ** Procesando archivo CPAP válido: /home/rom/prj/obsino-clisueno/test_files/doc/ANYI ZERITH PINEDA MARTINEZ 3-5-2024 CPAP.doc
2025-11-08 15:25:31,087 $$ INFO $$ Procesando examen xpap (DOC)
2025-11-08 15:25:31,087 $$ WARNING $$ edad_meses: N/A
2025-11-08 15:25:31,087 $$ WARNING $$ edad_dias: N/A
2025-11-08 15:25:31,088 $$ WARNING $$ epworth: N/A
2025-11-08 15:25:31,089 $$ INFO $$ ** FIN ** Procesamiento CPAP → unificado_xpap.csv para /home/rom/prj/obsino-clisueno/test_files/doc/ANYI ZERITH PINEDA MARTINEZ 3-5-2024 CPAP.doc
2025-11-08 15:25:31,089 $$ INFO $$ Procesando archivo válido: /home/rom/prj/obsino-clisueno/test_files/doc/GERARDO PARRA CASTRO - 15-04-2023 BASAL+CAPNOGRAFIA.doc
2025-11-08 15:25:31,092 $$ INFO $$ Procesando examen de BASAL
2025-11-08 15:25:31,092 $$ INFO $$ ** INICIO ** Procesando archivo BASAL válido: /home/rom/prj/obsino-clisueno/test_files/doc/GERARDO PARRA CASTRO - 15-04-2023 BASAL+CAPNOGRAFIA.doc
2025-11-08 15:25:31,092 $$ INFO $$ Procesando examen BASAL (DOC)
2025-11-08 15:25:31,092 $$ WARNING $$ edad_meses: N/A
2025-11-08 15:25:31,092 $$ WARNING $$ edad_dias: N/A
2025-11-08 15:25:31,093 $$ WARNING $$ epworth: N/A
2025-11-08 15:25:31,094 $$ INFO $$ ** FIN ** Procesamiento BASAL → unificado_basal.csv para /home/rom/prj/obsino-clisueno/test_files/doc/GERARDO PARRA CASTRO - 15-04-2023 BASAL+CAPNOGRAFIA.doc
2025-11-08 15:25:31,094 $$ INFO $$ Omitido tipo no implementado: CAPNOGRAFIA
2025-11-08 15:25:31,094 $$ INFO $$ Procesando archivo válido: /home/rom/prj/obsino-clisueno/test_files/doc/JANETH ADRIANA BALAGUERA GÛISA 15-06-2025 BASAL.doc
2025-11-08 15:25:31,096 $$ INFO $$ Procesando examen de BASAL
2025-11-08 15:25:31,097 $$ INFO $$ ** INICIO ** Procesando archivo BASAL válido: /home/rom/prj/obsino-clisueno/test_files/doc/JANETH ADRIANA BALAGUERA GÛISA 15-06-2025 BASAL.doc
2025-11-08 15:25:31,097 $$ INFO $$ Procesando examen BASAL (DOC)
2025-11-08 15:25:31,097 $$ WARNING $$ edad_meses: N/A
2025-11-08 15:25:31,097 $$ WARNING $$ edad_dias: N/A
2025-11-08 15:25:31,098 $$ INFO $$ ** FIN ** Procesamiento BASAL → unificado_basal.csv para /home/rom/prj/obsino-clisueno/test_files/doc/JANETH ADRIANA BALAGUERA GÛISA 15-06-2025 BASAL.doc
2025-11-08 15:25:31,098 $$ INFO $$ Procesando archivo válido: /home/rom/prj/obsino-clisueno/test_files/doc/DERLY MELITZA PEÑA PINEDA. .07-07-2025 BASAL + O2.doc
2025-11-08 15:25:31,098 $$ INFO $$ Archivo excluido por patrón OXIGENO en filename: DERLY MELITZA PEÑA PINEDA. .07-07-2025 BASAL + O2.doc
2025-11-08 15:25:31,098 $$ INFO $$ Procesando archivo válido: /home/rom/prj/obsino-clisueno/test_files/doc/YEISON ANDRES CARVAJAL ARCINIEGAS 19-04-2025 BIPAP+CAPNO.doc
2025-11-08 15:25:31,101 $$ INFO $$ Procesando examen de BPAP
2025-11-08 15:25:31,101 $$ INFO $$ ** INICIO ** Procesando archivo BPAP válido: /home/rom/prj/obsino-clisueno/test_files/doc/YEISON ANDRES CARVAJAL ARCINIEGAS 19-04-2025 BIPAP+CAPNO.doc
2025-11-08 15:25:31,101 $$ INFO $$ Procesando examen xpap (DOC)
2025-11-08 15:25:31,101 $$ WARNING $$ edad_meses: N/A
2025-11-08 15:25:31,101 $$ WARNING $$ edad_dias: N/A
2025-11-08 15:25:31,101 $$ WARNING $$ epworth: N/A
2025-11-08 15:25:31,102 $$ INFO $$ ** FIN ** Procesamiento BPAP → unificado_xpap.csv para /home/rom/prj/obsino-clisueno/test_files/doc/YEISON ANDRES CARVAJAL ARCINIEGAS 19-04-2025 BIPAP+CAPNO.doc
2025-11-08 15:25:31,103 $$ INFO $$ Omitido tipo no implementado: CAPNOGRAFIA
2025-11-08 15:25:31,103 $$ INFO $$ Procesando archivo válido: /home/rom/prj/obsino-clisueno/test_files/doc/JERONIMO JEREZ RINCON PSG BASAL nov 9 2023.doc
2025-11-08 15:25:31,106 $$ INFO $$ Procesando examen de BASAL
2025-11-08 15:25:31,106 $$ INFO $$ ** INICIO ** Procesando archivo BASAL válido: /home/rom/prj/obsino-clisueno/test_files/doc/JERONIMO JEREZ RINCON PSG BASAL nov 9 2023.doc
2025-11-08 15:25:31,106 $$ INFO $$ Procesando examen BASAL (DOC)
2025-11-08 15:25:31,106 $$ WARNING $$ edad_meses: N/A
2025-11-08 15:25:31,106 $$ WARNING $$ edad_dias: N/A
2025-11-08 15:25:31,106 $$ WARNING $$ medida_peso: N/A
2025-11-08 15:25:31,106 $$ WARNING $$ talla: N/A
2025-11-08 15:25:31,106 $$ WARNING $$ medida_talla: N/A
2025-11-08 15:25:31,106 $$ WARNING $$ epworth: N/A
2025-11-08 15:25:31,107 $$ INFO $$ ** FIN ** Procesamiento BASAL → unificado_basal.csv para /home/rom/prj/obsino-clisueno/test_files/doc/JERONIMO JEREZ RINCON PSG BASAL nov 9 2023.doc
2025-11-08 15:25:31,108 $$ INFO $$ Procesando archivo válido: /home/rom/prj/obsino-clisueno/test_files/doc/ALBERTO GUERRERO HERNANDEZ . .18-07-2024  BASAL.doc
2025-11-08 15:25:31,111 $$ INFO $$ Procesando examen de BASAL
2025-11-08 15:25:31,111 $$ INFO $$ ** INICIO ** Procesando archivo BASAL válido: /home/rom/prj/obsino-clisueno/test_files/doc/ALBERTO GUERRERO HERNANDEZ . .18-07-2024  BASAL.doc
2025-11-08 15:25:31,111 $$ INFO $$ Procesando examen BASAL (DOC)
2025-11-08 15:25:31,111 $$ WARNING $$ edad_meses: N/A
2025-11-08 15:25:31,111 $$ WARNING $$ edad_dias: N/A
2025-11-08 15:25:31,112 $$ INFO $$ ** FIN ** Procesamiento BASAL → unificado_basal.csv para /home/rom/prj/obsino-clisueno/test_files/doc/ALBERTO GUERRERO HERNANDEZ . .18-07-2024  BASAL.doc
2025-11-08 15:25:31,112 $$ INFO $$ Procesando archivo válido: /home/rom/prj/obsino-clisueno/test_files/doc/ADELA .ACOSTA DE MOLANO.28-05-2023 CPAP.doc
2025-11-08 15:25:31,117 $$ INFO $$ Procesando examen de CPAP
2025-11-08 15:25:31,118 $$ INFO $$ ** INICIO ** Procesando archivo CPAP válido: /home/rom/prj/obsino-clisueno/test_files/doc/ADELA .ACOSTA DE MOLANO.28-05-2023 CPAP.doc
2025-11-08 15:25:31,118 $$ INFO $$ Procesando examen xpap (DOC)
2025-11-08 15:25:31,118 $$ WARNING $$ edad_meses: N/A
2025-11-08 15:25:31,118 $$ WARNING $$ edad_dias: N/A
2025-11-08 15:25:31,118 $$ WARNING $$ epworth: N/A
2025-11-08 15:25:31,120 $$ INFO $$ ** FIN ** Procesamiento CPAP → unificado_xpap.csv para /home/rom/prj/obsino-clisueno/test_files/doc/ADELA .ACOSTA DE MOLANO.28-05-2023 CPAP.doc
2025-11-08 15:25:31,120 $$ INFO $$ Procesando archivo válido: /home/rom/prj/obsino-clisueno/test_files/doc/JOAN SEBASTIAN DCROZ CANCINO 31-05-2025 BASAL.doc
2025-11-08 15:25:31,126 $$ INFO $$ Procesando examen de BASAL
2025-11-08 15:25:31,127 $$ INFO $$ ** INICIO ** Procesando archivo BASAL válido: /home/rom/prj/obsino-clisueno/test_files/doc/JOAN SEBASTIAN DCROZ CANCINO 31-05-2025 BASAL.doc
2025-11-08 15:25:31,127 $$ INFO $$ Procesando examen BASAL (DOC)
2025-11-08 15:25:31,127 $$ WARNING $$ edad_meses: N/A
2025-11-08 15:25:31,127 $$ WARNING $$ edad_dias: N/A
2025-11-08 15:25:31,128 $$ INFO $$ ** FIN ** Procesamiento BASAL → unificado_basal.csv para /home/rom/prj/obsino-clisueno/test_files/doc/JOAN SEBASTIAN DCROZ CANCINO 31-05-2025 BASAL.doc
2025-11-08 15:25:31,128 $$ INFO $$ Procesando archivo válido: /home/rom/prj/obsino-clisueno/test_files/doc/template ABELARDO DURAN GIL TEMPLATE.doc
2025-11-08 15:25:31,131 $$ INFO $$ Procesando examen de BASAL
2025-11-08 15:25:31,131 $$ INFO $$ ** INICIO ** Procesando archivo BASAL válido: /home/rom/prj/obsino-clisueno/test_files/doc/template ABELARDO DURAN GIL TEMPLATE.doc
2025-11-08 15:25:31,131 $$ INFO $$ Procesando examen BASAL (DOC)
2025-11-08 15:25:31,131 $$ WARNING $$ edad_meses: N/A
2025-11-08 15:25:31,131 $$ WARNING $$ edad_dias: N/A
2025-11-08 15:25:31,132 $$ INFO $$ ** FIN ** Procesamiento BASAL → unificado_basal.csv para /home/rom/prj/obsino-clisueno/test_files/doc/template ABELARDO DURAN GIL TEMPLATE.doc
2025-11-08 15:25:31,132 $$ INFO $$ Procesando archivo válido: /home/rom/prj/obsino-clisueno/test_files/doc/ARCE CERPA .TONYS .12-11-2024 CPAP.doc
2025-11-08 15:25:31,136 $$ INFO $$ Procesando examen de CPAP
2025-11-08 15:25:31,137 $$ INFO $$ ** INICIO ** Procesando archivo CPAP válido: /home/rom/prj/obsino-clisueno/test_files/doc/ARCE CERPA .TONYS .12-11-2024 CPAP.doc
2025-11-08 15:25:31,137 $$ INFO $$ Procesando examen xpap (DOC)
2025-11-08 15:25:31,137 $$ WARNING $$ edad_meses: N/A
2025-11-08 15:25:31,137 $$ WARNING $$ edad_dias: N/A
2025-11-08 15:25:31,138 $$ WARNING $$ epworth: N/A
2025-11-08 15:25:31,139 $$ INFO $$ ** FIN ** Procesamiento CPAP → unificado_xpap.csv para /home/rom/prj/obsino-clisueno/test_files/doc/ARCE CERPA .TONYS .12-11-2024 CPAP.doc
2025-11-08 15:25:31,139 $$ INFO $$ Procesando archivo válido: /home/rom/prj/obsino-clisueno/test_files/doc/ALEXANDER.LOZADA ALVAREZ .13-02-2025 BPAP.doc
2025-11-08 15:25:31,142 $$ INFO $$ Procesando examen de BPAP
2025-11-08 15:25:31,142 $$ INFO $$ ** INICIO ** Procesando archivo BPAP válido: /home/rom/prj/obsino-clisueno/test_files/doc/ALEXANDER.LOZADA ALVAREZ .13-02-2025 BPAP.doc
2025-11-08 15:25:31,142 $$ INFO $$ Procesando examen xpap (DOC)
2025-11-08 15:25:31,142 $$ WARNING $$ edad_meses: N/A
2025-11-08 15:25:31,142 $$ WARNING $$ edad_dias: N/A
2025-11-08 15:25:31,143 $$ WARNING $$ epworth: N/A
2025-11-08 15:25:31,144 $$ INFO $$ ** FIN ** Procesamiento BPAP → unificado_xpap.csv para /home/rom/prj/obsino-clisueno/test_files/doc/ALEXANDER.LOZADA ALVAREZ .13-02-2025 BPAP.doc
2025-11-08 15:25:31,144 $$ INFO $$ Procesando archivo válido: /home/rom/prj/obsino-clisueno/test_files/doc/ALVARO JAVIER CASTILLA MOZO..04-09-2025 CPAP - BPAP.doc
2025-11-08 15:25:31,147 $$ INFO $$ Procesando examen de BPAP
2025-11-08 15:25:31,147 $$ INFO $$ ** INICIO ** Procesando archivo BPAP válido: /home/rom/prj/obsino-clisueno/test_files/doc/ALVARO JAVIER CASTILLA MOZO..04-09-2025 CPAP - BPAP.doc
2025-11-08 15:25:31,147 $$ INFO $$ Procesando examen xpap (DOC)
2025-11-08 15:25:31,147 $$ WARNING $$ edad_meses: N/A
2025-11-08 15:25:31,147 $$ WARNING $$ edad_dias: N/A
2025-11-08 15:25:31,148 $$ WARNING $$ epworth: N/A
2025-11-08 15:25:31,149 $$ INFO $$ ** FIN ** Procesamiento BPAP → unificado_xpap.csv para /home/rom/prj/obsino-clisueno/test_files/doc/ALVARO JAVIER CASTILLA MOZO..04-09-2025 CPAP - BPAP.doc
2025-11-08 15:25:31,149 $$ INFO $$ Procesando archivo válido: /home/rom/prj/obsino-clisueno/test_files/doc/ANA SIXTA.JEREZ VDA DE ANAYA-25-04-2025 - BPAP+ CAPNO.doc
2025-11-08 15:25:31,152 $$ INFO $$ Procesando examen de BPAP
2025-11-08 15:25:31,152 $$ INFO $$ ** INICIO ** Procesando archivo BPAP válido: /home/rom/prj/obsino-clisueno/test_files/doc/ANA SIXTA.JEREZ VDA DE ANAYA-25-04-2025 - BPAP+ CAPNO.doc
2025-11-08 15:25:31,152 $$ INFO $$ Procesando examen xpap (DOC)
2025-11-08 15:25:31,152 $$ WARNING $$ edad_meses: N/A
2025-11-08 15:25:31,152 $$ WARNING $$ edad_dias: N/A
2025-11-08 15:25:31,152 $$ WARNING $$ epworth: N/A
2025-11-08 15:25:31,157 $$ INFO $$ ** FIN ** Procesamiento BPAP → unificado_xpap.csv para /home/rom/prj/obsino-clisueno/test_files/doc/ANA SIXTA.JEREZ VDA DE ANAYA-25-04-2025 - BPAP+ CAPNO.doc
2025-11-08 15:25:31,157 $$ INFO $$ Omitido tipo no implementado: CAPNOGRAFIA
2025-11-08 15:25:31,157 $$ INFO $$ Procesando archivo válido: /home/rom/prj/obsino-clisueno/test_files/doc/ADRIANA LUCIA .PIMIENTO MORENO.01-04-2025 CPAP.doc
2025-11-08 15:25:31,162 $$ INFO $$ Procesando examen de CPAP
2025-11-08 15:25:31,162 $$ INFO $$ ** INICIO ** Procesando archivo CPAP válido: /home/rom/prj/obsino-clisueno/test_files/doc/ADRIANA LUCIA .PIMIENTO MORENO.01-04-2025 CPAP.doc
2025-11-08 15:25:31,162 $$ INFO $$ Procesando examen xpap (DOC)
2025-11-08 15:25:31,162 $$ WARNING $$ edad_meses: N/A
2025-11-08 15:25:31,162 $$ WARNING $$ edad_dias: N/A
2025-11-08 15:25:31,163 $$ WARNING $$ epworth: N/A
2025-11-08 15:25:31,164 $$ INFO $$ ** FIN ** Procesamiento CPAP → unificado_xpap.csv para /home/rom/prj/obsino-clisueno/test_files/doc/ADRIANA LUCIA .PIMIENTO MORENO.01-04-2025 CPAP.doc
2025-11-08 15:25:31,164 $$ INFO $$ Procesando archivo válido: /home/rom/prj/obsino-clisueno/test_files/doc/TEMPLATE BASAL.doc
2025-11-08 15:25:31,167 $$ INFO $$ Procesando examen de BASAL
2025-11-08 15:25:31,167 $$ INFO $$ ** INICIO ** Procesando archivo BASAL válido: /home/rom/prj/obsino-clisueno/test_files/doc/TEMPLATE BASAL.doc
2025-11-08 15:25:31,167 $$ INFO $$ Procesando examen BASAL (DOC)
2025-11-08 15:25:31,167 $$ WARNING $$ edad_anos: N/A
2025-11-08 15:25:31,167 $$ WARNING $$ edad_meses: N/A
2025-11-08 15:25:31,167 $$ WARNING $$ edad_dias: N/A
2025-11-08 15:25:31,167 $$ WARNING $$ id: N/A
2025-11-08 15:25:31,167 $$ WARNING $$ peso: N/A
2025-11-08 15:25:31,167 $$ WARNING $$ medida_peso: N/A
2025-11-08 15:25:31,167 $$ WARNING $$ talla: N/A
2025-11-08 15:25:31,167 $$ WARNING $$ medida_talla: N/A
2025-11-08 15:25:31,167 $$ WARNING $$ imc: N/A
2025-11-08 15:25:31,167 $$ WARNING $$ cuello: N/A
2025-11-08 15:25:31,167 $$ WARNING $$ medida_cuello: N/A
2025-11-08 15:25:31,167 $$ WARNING $$ perimetro_abdominal: N/A
2025-11-08 15:25:31,168 $$ WARNING $$ medida_perimetro_abdominal: N/A
2025-11-08 15:25:31,168 $$ WARNING $$ solicita: N/A
2025-11-08 15:25:31,168 $$ WARNING $$ empresa: N/A
2025-11-08 15:25:31,168 $$ WARNING $$ fecha_estudio: N/A
2025-11-08 15:25:31,168 $$ WARNING $$ epworth: N/A
2025-11-08 15:25:31,168 $$ WARNING $$ tiempo_en_cama: N/A
2025-11-08 15:25:31,168 $$ WARNING $$ tiempo_sueno: N/A
2025-11-08 15:25:31,168 $$ WARNING $$ eficiencia_sueno: N/A
2025-11-08 15:25:31,168 $$ WARNING $$ latencia_sueno_total: N/A
2025-11-08 15:25:31,168 $$ WARNING $$ latencia_sueno_rem: N/A
2025-11-08 15:25:31,168 $$ WARNING $$ indice_microalertamientos: N/A
2025-11-08 15:25:31,168 $$ WARNING $$ porcentaje_sueno_rem: N/A
2025-11-08 15:25:31,168 $$ WARNING $$ porcentaje_sueno_profundo: N/A
2025-11-08 15:25:31,168 $$ WARNING $$ iac: N/A
2025-11-08 15:25:31,168 $$ WARNING $$ iao: N/A
2025-11-08 15:25:31,168 $$ WARNING $$ iam: N/A
2025-11-08 15:25:31,168 $$ WARNING $$ ih: N/A
2025-11-08 15:25:31,168 $$ WARNING $$ iah: N/A
2025-11-08 15:25:31,168 $$ WARNING $$ indice_desat_rem: N/A
2025-11-08 15:25:31,168 $$ WARNING $$ indice_desat_nrem: N/A
2025-11-08 15:25:31,168 $$ WARNING $$ indice_desat_total: N/A
2025-11-08 15:25:31,168 $$ WARNING $$ tiempo_desat_90_rem: N/A
2025-11-08 15:25:31,168 $$ WARNING $$ tiempo_desat_90_nrem: N/A
2025-11-08 15:25:31,168 $$ WARNING $$ tiempo_desat_80_rem: N/A
2025-11-08 15:25:31,168 $$ WARNING $$ tiempo_desat_80_nrem: N/A
2025-11-08 15:25:31,168 $$ WARNING $$ tiempo_desat_70_rem: N/A
2025-11-08 15:25:31,168 $$ WARNING $$ tiempo_desat_70_nrem: N/A
2025-11-08 15:25:31,168 $$ WARNING $$ numero_eventos_ah: N/A
2025-11-08 15:25:31,169 $$ INFO $$ ** FIN ** Procesamiento BASAL → unificado_basal.csv para /home/rom/prj/obsino-clisueno/test_files/doc/TEMPLATE BASAL.doc
2025-11-08 15:25:31,169 $$ INFO $$ Procesando archivo válido: /home/rom/prj/obsino-clisueno/test_files/doc/FRANCISCO  MONTOYA FLOREZ-15-09-2025-BASAL+OXÍGENO.doc
2025-11-08 15:25:31,169 $$ INFO $$ Archivo excluido por patrón OXIGENO en filename: FRANCISCO  MONTOYA FLOREZ-15-09-2025-BASAL+OXÍGENO.doc
2025-11-08 15:25:31,169 $$ INFO $$ Procesando archivo válido: /home/rom/prj/obsino-clisueno/test_files/doc/ALEJANDRO DOLORES SANTIAGO AREVALO 20-12-2024 CPAP.doc
2025-11-08 15:25:31,182 $$ INFO $$ Procesando examen de CPAP
2025-11-08 15:25:31,182 $$ INFO $$ ** INICIO ** Procesando archivo CPAP válido: /home/rom/prj/obsino-clisueno/test_files/doc/ALEJANDRO DOLORES SANTIAGO AREVALO 20-12-2024 CPAP.doc
2025-11-08 15:25:31,182 $$ INFO $$ Procesando examen xpap (DOC)
2025-11-08 15:25:31,182 $$ WARNING $$ edad_meses: N/A
2025-11-08 15:25:31,182 $$ WARNING $$ edad_dias: N/A
2025-11-08 15:25:31,184 $$ WARNING $$ epworth: N/A
2025-11-08 15:25:31,185 $$ INFO $$ ** FIN ** Procesamiento CPAP → unificado_xpap.csv para /home/rom/prj/obsino-clisueno/test_files/doc/ALEJANDRO DOLORES SANTIAGO AREVALO 20-12-2024 CPAP.doc
2025-11-08 15:25:31,185 $$ INFO $$ Procesando archivo válido: /home/rom/prj/obsino-clisueno/test_files/doc/TEMPLATE CPAP.doc
2025-11-08 15:25:31,189 $$ INFO $$ Procesando examen de CPAP
2025-11-08 15:25:31,189 $$ INFO $$ ** INICIO ** Procesando archivo CPAP válido: /home/rom/prj/obsino-clisueno/test_files/doc/TEMPLATE CPAP.doc
2025-11-08 15:25:31,189 $$ INFO $$ Procesando examen xpap (DOC)
2025-11-08 15:25:31,189 $$ WARNING $$ edad_anos: N/A
2025-11-08 15:25:31,189 $$ WARNING $$ edad_dias: N/A
2025-11-08 15:25:31,190 $$ WARNING $$ epworth: N/A
2025-11-08 15:25:31,191 $$ INFO $$ ** FIN ** Procesamiento CPAP → unificado_xpap.csv para /home/rom/prj/obsino-clisueno/test_files/doc/TEMPLATE CPAP.doc
2025-11-08 15:25:31,191 $$ INFO $$ Procesando archivo válido: /home/rom/prj/obsino-clisueno/test_files/doc/ADELA  RODRIGUEZ MOGOLLON-13-07-2024-BASAL.doc
2025-11-08 15:25:31,194 $$ INFO $$ Procesando examen de BASAL
2025-11-08 15:25:31,194 $$ INFO $$ ** INICIO ** Procesando archivo BASAL válido: /home/rom/prj/obsino-clisueno/test_files/doc/ADELA  RODRIGUEZ MOGOLLON-13-07-2024-BASAL.doc
2025-11-08 15:25:31,194 $$ INFO $$ Procesando examen BASAL (DOC)
2025-11-08 15:25:31,194 $$ WARNING $$ edad_meses: N/A
2025-11-08 15:25:31,194 $$ WARNING $$ edad_dias: N/A
2025-11-08 15:25:31,196 $$ INFO $$ ** FIN ** Procesamiento BASAL → unificado_basal.csv para /home/rom/prj/obsino-clisueno/test_files/doc/ADELA  RODRIGUEZ MOGOLLON-13-07-2024-BASAL.doc
2025-11-08 15:25:31,196 $$ INFO $$ Procesando archivo válido: /home/rom/prj/obsino-clisueno/test_files/doc/GLORIA ARENALES ISABEL ROJAS 14-07-2025 BASAL.doc
2025-11-08 15:25:31,198 $$ INFO $$ Procesando examen de BASAL
2025-11-08 15:25:31,198 $$ INFO $$ ** INICIO ** Procesando archivo BASAL válido: /home/rom/prj/obsino-clisueno/test_files/doc/GLORIA ARENALES ISABEL ROJAS 14-07-2025 BASAL.doc
2025-11-08 15:25:31,198 $$ INFO $$ Procesando examen BASAL (DOC)
2025-11-08 15:25:31,198 $$ WARNING $$ edad_meses: N/A
2025-11-08 15:25:31,198 $$ WARNING $$ edad_dias: N/A
2025-11-08 15:25:31,206 $$ INFO $$ ** FIN ** Procesamiento BASAL → unificado_basal.csv para /home/rom/prj/obsino-clisueno/test_files/doc/GLORIA ARENALES ISABEL ROJAS 14-07-2025 BASAL.doc
2025-11-08 15:25:31,206 $$ INFO $$ Procesando archivo válido: /home/rom/prj/obsino-clisueno/test_files/doc/CRISTINA MAY  MOLINA PINEDA 15-11-2023 BASAL.doc
2025-11-08 15:25:31,215 $$ INFO $$ Procesando examen de BASAL
2025-11-08 15:25:31,215 $$ INFO $$ ** INICIO ** Procesando archivo BASAL válido: /home/rom/prj/obsino-clisueno/test_files/doc/CRISTINA MAY  MOLINA PINEDA 15-11-2023 BASAL.doc
2025-11-08 15:25:31,215 $$ INFO $$ Procesando examen BASAL (DOC)
2025-11-08 15:25:31,215 $$ WARNING $$ edad_meses: N/A
2025-11-08 15:25:31,215 $$ WARNING $$ edad_dias: N/A
2025-11-08 15:25:31,217 $$ INFO $$ ** FIN ** Procesamiento BASAL → unificado_basal.csv para /home/rom/prj/obsino-clisueno/test_files/doc/CRISTINA MAY  MOLINA PINEDA 15-11-2023 BASAL.doc
2025-11-08 15:25:31,217 $$ INFO $$ Procesando archivo válido: /home/rom/prj/obsino-clisueno/test_files/doc/MARIA DEL ROSARIO CASTRO CIRO 28-07-2023 CPAP.doc
2025-11-08 15:25:31,220 $$ INFO $$ Procesando examen de CPAP
2025-11-08 15:25:31,220 $$ INFO $$ ** INICIO ** Procesando archivo CPAP válido: /home/rom/prj/obsino-clisueno/test_files/doc/MARIA DEL ROSARIO CASTRO CIRO 28-07-2023 CPAP.doc
2025-11-08 15:25:31,220 $$ INFO $$ Procesando examen xpap (DOC)
2025-11-08 15:25:31,220 $$ WARNING $$ edad_meses: N/A
2025-11-08 15:25:31,220 $$ WARNING $$ edad_dias: N/A
2025-11-08 15:25:31,220 $$ WARNING $$ epworth: N/A
2025-11-08 15:25:31,220 $$ WARNING $$ latencia_sueno_rem: N/A
2025-11-08 15:25:31,221 $$ WARNING $$ indice_desat_total: N/A
2025-11-08 15:25:31,221 $$ INFO $$ ** FIN ** Procesamiento CPAP → unificado_xpap.csv para /home/rom/prj/obsino-clisueno/test_files/doc/MARIA DEL ROSARIO CASTRO CIRO 28-07-2023 CPAP.doc
2025-11-08 15:25:31,231 $$ INFO $$ Reporte escrito: /home/rom/prj/obsino-clisueno/output/reporte_analisis_2025-11-08_15-25-31.md
2025-11-08 15:25:31,231 $$ INFO $$ Unificado generado: /home/rom/prj/obsino-clisueno/output/reporte_analisis_2025-11-08_15-25-31.md
2025-11-08 15:25:31,231 $$ INFO $$ Fin del proceso para el directorio: /home/rom/prj/obsino-clisueno/test_files
